Archive member included to satisfy reference by file (symbol)

C:/ProgramData/MathWorks/R2022b/Toolboxes/NXP_MBDToolbox_S32K1xx/tools/gcc-6.3-arm32-eabi/arm-none-eabi/newlib/lib/thumb/v7e-m/fpv4-sp/hard\libm.a(lib_a-s_cos.o)
                              Final_project_template.o (cos)
C:/ProgramData/MathWorks/R2022b/Toolboxes/NXP_MBDToolbox_S32K1xx/tools/gcc-6.3-arm32-eabi/arm-none-eabi/newlib/lib/thumb/v7e-m/fpv4-sp/hard\libm.a(lib_a-sf_cos.o)
                              Final_project_template.o (cosf)
C:/ProgramData/MathWorks/R2022b/Toolboxes/NXP_MBDToolbox_S32K1xx/tools/gcc-6.3-arm32-eabi/arm-none-eabi/newlib/lib/thumb/v7e-m/fpv4-sp/hard\libm.a(lib_a-sf_sin.o)
                              Final_project_template.o (sinf)
C:/ProgramData/MathWorks/R2022b/Toolboxes/NXP_MBDToolbox_S32K1xx/tools/gcc-6.3-arm32-eabi/arm-none-eabi/newlib/lib/thumb/v7e-m/fpv4-sp/hard\libm.a(lib_a-s_sin.o)
                              Final_project_template.o (sin)
C:/ProgramData/MathWorks/R2022b/Toolboxes/NXP_MBDToolbox_S32K1xx/tools/gcc-6.3-arm32-eabi/arm-none-eabi/newlib/lib/thumb/v7e-m/fpv4-sp/hard\libm.a(lib_a-w_fmod.o)
                              Final_project_template.o (fmod)
C:/ProgramData/MathWorks/R2022b/Toolboxes/NXP_MBDToolbox_S32K1xx/tools/gcc-6.3-arm32-eabi/arm-none-eabi/newlib/lib/thumb/v7e-m/fpv4-sp/hard\libm.a(lib_a-w_sqrt.o)
                              Final_project_template.o (sqrt)
C:/ProgramData/MathWorks/R2022b/Toolboxes/NXP_MBDToolbox_S32K1xx/tools/gcc-6.3-arm32-eabi/arm-none-eabi/newlib/lib/thumb/v7e-m/fpv4-sp/hard\libm.a(lib_a-e_fmod.o)
                              C:/ProgramData/MathWorks/R2022b/Toolboxes/NXP_MBDToolbox_S32K1xx/tools/gcc-6.3-arm32-eabi/arm-none-eabi/newlib/lib/thumb/v7e-m/fpv4-sp/hard\libm.a(lib_a-w_fmod.o) (__ieee754_fmod)
C:/ProgramData/MathWorks/R2022b/Toolboxes/NXP_MBDToolbox_S32K1xx/tools/gcc-6.3-arm32-eabi/arm-none-eabi/newlib/lib/thumb/v7e-m/fpv4-sp/hard\libm.a(lib_a-ef_rem_pio2.o)
                              C:/ProgramData/MathWorks/R2022b/Toolboxes/NXP_MBDToolbox_S32K1xx/tools/gcc-6.3-arm32-eabi/arm-none-eabi/newlib/lib/thumb/v7e-m/fpv4-sp/hard\libm.a(lib_a-sf_cos.o) (__ieee754_rem_pio2f)
C:/ProgramData/MathWorks/R2022b/Toolboxes/NXP_MBDToolbox_S32K1xx/tools/gcc-6.3-arm32-eabi/arm-none-eabi/newlib/lib/thumb/v7e-m/fpv4-sp/hard\libm.a(lib_a-e_rem_pio2.o)
                              C:/ProgramData/MathWorks/R2022b/Toolboxes/NXP_MBDToolbox_S32K1xx/tools/gcc-6.3-arm32-eabi/arm-none-eabi/newlib/lib/thumb/v7e-m/fpv4-sp/hard\libm.a(lib_a-s_cos.o) (__ieee754_rem_pio2)
C:/ProgramData/MathWorks/R2022b/Toolboxes/NXP_MBDToolbox_S32K1xx/tools/gcc-6.3-arm32-eabi/arm-none-eabi/newlib/lib/thumb/v7e-m/fpv4-sp/hard\libm.a(lib_a-e_sqrt.o)
                              C:/ProgramData/MathWorks/R2022b/Toolboxes/NXP_MBDToolbox_S32K1xx/tools/gcc-6.3-arm32-eabi/arm-none-eabi/newlib/lib/thumb/v7e-m/fpv4-sp/hard\libm.a(lib_a-w_sqrt.o) (__ieee754_sqrt)
C:/ProgramData/MathWorks/R2022b/Toolboxes/NXP_MBDToolbox_S32K1xx/tools/gcc-6.3-arm32-eabi/arm-none-eabi/newlib/lib/thumb/v7e-m/fpv4-sp/hard\libm.a(lib_a-k_cos.o)
                              C:/ProgramData/MathWorks/R2022b/Toolboxes/NXP_MBDToolbox_S32K1xx/tools/gcc-6.3-arm32-eabi/arm-none-eabi/newlib/lib/thumb/v7e-m/fpv4-sp/hard\libm.a(lib_a-s_cos.o) (__kernel_cos)
C:/ProgramData/MathWorks/R2022b/Toolboxes/NXP_MBDToolbox_S32K1xx/tools/gcc-6.3-arm32-eabi/arm-none-eabi/newlib/lib/thumb/v7e-m/fpv4-sp/hard\libm.a(lib_a-kf_cos.o)
                              C:/ProgramData/MathWorks/R2022b/Toolboxes/NXP_MBDToolbox_S32K1xx/tools/gcc-6.3-arm32-eabi/arm-none-eabi/newlib/lib/thumb/v7e-m/fpv4-sp/hard\libm.a(lib_a-sf_cos.o) (__kernel_cosf)
C:/ProgramData/MathWorks/R2022b/Toolboxes/NXP_MBDToolbox_S32K1xx/tools/gcc-6.3-arm32-eabi/arm-none-eabi/newlib/lib/thumb/v7e-m/fpv4-sp/hard\libm.a(lib_a-kf_rem_pio2.o)
                              C:/ProgramData/MathWorks/R2022b/Toolboxes/NXP_MBDToolbox_S32K1xx/tools/gcc-6.3-arm32-eabi/arm-none-eabi/newlib/lib/thumb/v7e-m/fpv4-sp/hard\libm.a(lib_a-ef_rem_pio2.o) (__kernel_rem_pio2f)
C:/ProgramData/MathWorks/R2022b/Toolboxes/NXP_MBDToolbox_S32K1xx/tools/gcc-6.3-arm32-eabi/arm-none-eabi/newlib/lib/thumb/v7e-m/fpv4-sp/hard\libm.a(lib_a-kf_sin.o)
                              C:/ProgramData/MathWorks/R2022b/Toolboxes/NXP_MBDToolbox_S32K1xx/tools/gcc-6.3-arm32-eabi/arm-none-eabi/newlib/lib/thumb/v7e-m/fpv4-sp/hard\libm.a(lib_a-sf_cos.o) (__kernel_sinf)
C:/ProgramData/MathWorks/R2022b/Toolboxes/NXP_MBDToolbox_S32K1xx/tools/gcc-6.3-arm32-eabi/arm-none-eabi/newlib/lib/thumb/v7e-m/fpv4-sp/hard\libm.a(lib_a-k_rem_pio2.o)
                              C:/ProgramData/MathWorks/R2022b/Toolboxes/NXP_MBDToolbox_S32K1xx/tools/gcc-6.3-arm32-eabi/arm-none-eabi/newlib/lib/thumb/v7e-m/fpv4-sp/hard\libm.a(lib_a-e_rem_pio2.o) (__kernel_rem_pio2)
C:/ProgramData/MathWorks/R2022b/Toolboxes/NXP_MBDToolbox_S32K1xx/tools/gcc-6.3-arm32-eabi/arm-none-eabi/newlib/lib/thumb/v7e-m/fpv4-sp/hard\libm.a(lib_a-k_sin.o)
[...]
Memory Configuration

Name             Origin             Length             Attributes
m_interrupts     0x00000000         0x00000400         xr
m_flash_config   0x00000400         0x00000010         xr
m_text           0x00000410         0x0007fbf0         xr
m_data           0x1fff9000         0x00007000         rw
m_data_2         0x20000000         0x00004000         rw
*default*        0x00000000         0xffffffff

Linker script and memory map

LOAD c:/programdata/mathworks/r2022b/toolboxes/nxp_mbdtoolbox_s32k1xx/tools/gcc-6.3-arm32-eabi/bin/../lib/gcc/arm-none-eabi/6.3.1/thumb/v7e-m/fpv4-sp/hard/crti.o
LOAD c:/programdata/mathworks/r2022b/toolboxes/nxp_mbdtoolbox_s32k1xx/tools/gcc-6.3-arm32-eabi/bin/../lib/gcc/arm-none-eabi/6.3.1/thumb/v7e-m/fpv4-sp/hard/crtbegin.o
LOAD C:/ProgramData/MathWorks/R2022b/Toolboxes/NXP_MBDToolbox_S32K1xx/tools/gcc-6.3-arm32-eabi/arm-none-eabi/newlib/lib/thumb/v7e-m/fpv4-sp/hard/crt0.o
                0x00000001                __ram_vector_table__ = 0x1
LOAD startup_S32K144.o
LOAD Final_project_template.o
LOAD Final_project_template_data.o
LOAD adc_driver.o
LOAD ahead_logic_wrapper.o
LOAD clock_S32K1xx.o
LOAD edma_driver.o
LOAD edma_hw_access.o
LOAD edma_irq.o
LOAD fcan0_s32k_rx_isr.o
LOAD flexcan_driver.o
LOAD flexcan_hw_access.o
LOAD flexcan_irq.o
LOAD ftm0_pwm_params.o
LOAD ftm3_pwm_params.o
LOAD ftm_chn_irq.o
LOAD ftm_common.o
LOAD ftm_fault_irq.o
LOAD ftm_hw_access.o
LOAD ftm_ic_driver.o
LOAD ftm_mc_driver.o
LOAD ftm_oc_driver.o
LOAD ftm_pwm_driver.o
LOAD ftm_qd_driver.o
LOAD interrupt_manager.o
LOAD lin_common.o
LOAD lin_driver.o
LOAD lin_irq.o
LOAD lin_lpuart_driver.o
LOAD lpit_driver.o
LOAD lpuart_driver.o
LOAD lpuart_hw_access.o
LOAD lpuart_irq.o
LOAD mbd_adc_irq.o
LOAD mbd_main.o
LOAD model_wrapper.o
LOAD osif_baremetal.o
LOAD path_data.o
LOAD pins_driver.o
LOAD pins_port_hw_access.o
LOAD power_manager.o
LOAD power_manager_S32K1xx.o
LOAD power_smc_hw_access.o
LOAD rtmodel.o
LOAD s32k_clock_init.o
LOAD startup.o
LOAD system_S32K144.o
LOAD C:/ProgramData/MathWorks/R2022b/Toolboxes/NXP_MBDToolbox_S32K1xx/tools/gcc-6.3-arm32-eabi/arm-none-eabi/newlib/lib/thumb/v7e-m/fpv4-sp/hard\libm.a
LOAD S32K14x_AMMCLIB.a
START GROUP
LOAD c:/programdata/mathworks/r2022b/toolboxes/nxp_mbdtoolbox_s32k1xx/tools/gcc-6.3-arm32-eabi/bin/../lib/gcc/arm-none-eabi/6.3.1/thumb/v7e-m/fpv4-sp/hard\libgcc.a
LOAD C:/ProgramData/MathWorks/R2022b/Toolboxes/NXP_MBDToolbox_S32K1xx/tools/gcc-6.3-arm32-eabi/arm-none-eabi/newlib/lib/thumb/v7e-m/fpv4-sp/hard\libc.a
END GROUP
START GROUP
LOAD c:/programdata/mathworks/r2022b/toolboxes/nxp_mbdtoolbox_s32k1xx/tools/gcc-6.3-arm32-eabi/bin/../lib/gcc/arm-none-eabi/6.3.1/thumb/v7e-m/fpv4-sp/hard\libgcc.a
LOAD C:/ProgramData/MathWorks/R2022b/Toolboxes/NXP_MBDToolbox_S32K1xx/tools/gcc-6.3-arm32-eabi/arm-none-eabi/newlib/lib/thumb/v7e-m/fpv4-sp/hard\libc.a
LOAD C:/ProgramData/MathWorks/R2022b/Toolboxes/NXP_MBDToolbox_S32K1xx/tools/gcc-6.3-arm32-eabi/arm-none-eabi/newlib/lib/thumb/v7e-m/fpv4-sp/hard\libnosys.a
END GROUP
LOAD c:/programdata/mathworks/r2022b/toolboxes/nxp_mbdtoolbox_s32k1xx/tools/gcc-6.3-arm32-eabi/bin/../lib/gcc/arm-none-eabi/6.3.1/thumb/v7e-m/fpv4-sp/hard/crtend.o
LOAD c:/programdata/mathworks/r2022b/toolboxes/nxp_mbdtoolbox_s32k1xx/tools/gcc-6.3-arm32-eabi/bin/../lib/gcc/arm-none-eabi/6.3.1/thumb/v7e-m/fpv4-sp/hard/crtn.o
                0x00000400                HEAP_SIZE = DEFINED (__heap_size__)?__heap_size__:0x400
                0x00000400                STACK_SIZE = DEFINED (__stack_size__)?__stack_size__:0x400
                0x00000400                M_VECTOR_RAM_SIZE = DEFINED (__flash_vector_table__)?0x0:0x400

.interrupts     0x00000000      0x400
                0x00000000                __VECTOR_TABLE = .
                0x00000000                __interrupts_start__ = .
                0x00000000                . = ALIGN (0x4)
 *(.isr_vector)
 .isr_vector    0x00000000      0x400 startup_S32K144.o
                0x00000000                __isr_vector
                0x00000400                __interrupts_end__ = .
                0x00000400                . = ALIGN (0x4)

.flash_config   0x00000400       0x10
                0x00000400                . = ALIGN (0x4)
 *(.FlashConfig)
 .FlashConfig   0x00000400       0x10 startup_S32K144.o
                0x00000410                . = ALIGN (0x4)

.text           0x00000410    0x10a8c
                0x00000410                . = ALIGN (0x4)
 *(.text)
 .text          0x00000410       0xa4 c:/programdata/mathworks/r2022b/toolboxes/nxp_mbdtoolbox_s32k1xx/tools/gcc-6.3-arm32-eabi/bin/../lib/gcc/arm-none-eabi/6.3.1/thumb/v7e-m/fpv4-sp/hard/crtbegin.o
 .text          0x000004b4       0x6c startup_S32K144.o
                0x000004b4                Reset_Handler
                0x0000051c                DebugMon_Handler
                0x0000051c                Reserved88_IRQHandler
                0x0000051c                HardFault_Handler
                0x0000051c                Reserved86_IRQHandler
                0x0000051c                Reserved103_IRQHandler
                0x0000051c                FTM2_Ovf_Reload_IRQHandler
                0x0000051c                Reserved50_IRQHandler
                0x0000051c                FTFC_Fault_IRQHandler
                0x0000051c                Reserved114_IRQHandler
                0x0000051c                PendSV_Handler
                0x0000051c                NMI_Handler
                0x0000051c                Reserved89_IRQHandler
                0x0000051c                ERM_double_fault_IRQHandler
                0x0000051c                Reserved59_IRQHandler
                0x0000051c                Reserved99_IRQHandler
                0x0000051c                LPIT0_Ch3_IRQHandler
                0x0000051c                Reserved92_IRQHandler
                0x0000051c                SWI_IRQHandler
                0x0000051c                UsageFault_Handler
                0x0000051c                FTM0_Ovf_Reload_IRQHandler
                0x0000051c                DefaultISR
                0x0000051c                Reserved58_IRQHandler
                0x0000051c                Reserved82_IRQHandler
                0x0000051c                LPI2C0_Slave_IRQHandler
                0x0000051c                Reserved71_IRQHandler
                0x0000051c                PORTD_IRQHandler
                0x0000051c                Reserved69_IRQHandler
                0x0000051c                PORTB_IRQHandler
                0x0000051c                Reserved70_IRQHandler
                0x0000051c                Reserved53_IRQHandler
                0x0000051c                RTC_IRQHandler
                0x0000051c                PDB0_IRQHandler
                0x0000051c                Reserved54_IRQHandler
                0x0000051c                LPSPI1_IRQHandler
                0x0000051c                LPUART1_RxTx_IRQHandler
                0x0000051c                RTC_Seconds_IRQHandler
                0x0000051c                Reserved72_IRQHandler
                0x0000051c                Reserved110_IRQHandler
                0x0000051c                Reserved107_IRQHandler
                0x0000051c                Read_Collision_IRQHandler
                0x0000051c                FTFC_IRQHandler
                0x0000051c                Reserved105_IRQHandler
                0x0000051c                LPIT0_Ch1_IRQHandler
                0x0000051c                FTM3_Ovf_Reload_IRQHandler
                0x0000051c                LPUART2_RxTx_IRQHandler
                0x0000051c                LPSPI0_IRQHandler
                0x0000051c                WDOG_EWM_IRQHandler
                0x0000051c                MemManage_Handler
                0x0000051c                Reserved90_IRQHandler
                0x0000051c                Reserved83_IRQHandler
                0x0000051c                Reserved48_IRQHandler
                0x0000051c                SVC_Handler
                0x0000051c                ERM_single_fault_IRQHandler
                0x0000051c                RCM_IRQHandler
                0x0000051c                Reserved100_IRQHandler
                0x0000051c                Reserved91_IRQHandler
                0x0000051c                SCG_IRQHandler
                0x0000051c                PDB1_IRQHandler
                0x0000051c                Reserved81_IRQHandler
                0x0000051c                Reserved46_IRQHandler
                0x0000051c                Reserved45_IRQHandler
                0x0000051c                Reserved112_IRQHandler
                0x0000051c                LPI2C0_Master_IRQHandler
                0x0000051c                Reserved106_IRQHandler
                0x0000051c                LVD_LVW_IRQHandler
                0x0000051c                LPIT0_Ch2_IRQHandler
                0x0000051c                PORTA_IRQHandler
                0x0000051c                MCM_IRQHandler
                0x0000051c                LPSPI2_IRQHandler
                0x0000051c                PORTE_IRQHandler
                0x0000051c                LPUART0_RxTx_IRQHandler
                0x0000051c                LPTMR0_IRQHandler
                0x0000051c                BusFault_Handler
                0x0000051c                Reserved87_IRQHandler
                0x0000051c                FTM1_Ovf_Reload_IRQHandler
                0x0000051c                Reserved93_IRQHandler
                0x0000051c                CMP0_IRQHandler
                0x0000051c                Reserved52_IRQHandler
                0x0000051c                PORTC_IRQHandler
                0x0000051c                FLEXIO_IRQHandler
                0x0000051c                Reserved113_IRQHandler
 .text          0x00000520     0x32a4 Final_project_template.o
                0x00000520                Final_project_template_SetEventsForThisBaseStep
                0x0000053c                SwitchCaseActionSubsystem2
                0x00000546                SwitchCaseActionSubsystem3
                0x00000550                Final_project_template_step0
                0x00000720                Final_project_template_step1
                0x00002e5c                Final_project_template_step2
                0x00002eb0                Final_project_template_initialize
                0x000037c0                Final_project_template_terminate
 .text          0x000037c4      0x788 adc_driver.o
                0x000037c4                ADC_DRV_InitConverterStruct
                0x000037e0                ADC_DRV_ConfigConverter
                0x00003968                ADC_DRV_GetConverterConfig
                0x00003a54                ADC_DRV_InitHwCompareStruct
                0x00003a62                ADC_DRV_ConfigHwCompare
                0x00003ac4                ADC_DRV_GetHwCompareConfig
                0x00003afc                ADC_DRV_InitHwAverageStruct
                0x00003b04                ADC_DRV_ConfigHwAverage
                0x00003b3c                ADC_DRV_GetHwAverageConfig
                0x00003b5c                ADC_DRV_InitChanStruct
                0x00003b66                ADC_DRV_ConfigChan
                0x00003bbc                ADC_DRV_GetChanConfig
                0x00003bfc                ADC_DRV_SetSwPretrigger
                0x00003c40                ADC_DRV_Reset
                0x00003cd8                ADC_DRV_WaitConvDone
                0x00003cf0                ADC_DRV_GetConvCompleteFlag
                0x00003d04                ADC_DRV_GetChanResult
                0x00003d1c                ADC_DRV_AutoCalibration
                0x00003e74                ADC_DRV_InitUserCalibrationStruct
                0x00003e7e                ADC_DRV_ConfigUserCalibration
                0x00003ecc                ADC_DRV_GetUserCalibration
                0x00003eec                ADC_DRV_GetInterruptNumber
                0x00003efc                ADC_DRV_ClearLatchedTriggers
                0x00003f20                ADC_DRV_ClearTriggerErrors
                0x00003f38                ADC_DRV_GetTriggerErrorFlags
 .text          0x00003f4c       0x58 ahead_logic_wrapper.o
                0x00003f4c                ahead_logic_Outputs_wrapper
 .text          0x00003fa4     0x1c88 clock_S32K1xx.o
                0x00004d1a                CLOCK_DRV_Init
                0x00005348                CLOCK_DRV_GetFreq
                0x00005550                CLOCK_DRV_SetModuleClock
                0x000056bc                CLOCK_DRV_SetSystemClock
                0x000057e4                CLOCK_DRV_GetSystemClockSource
                0x00005840                CLOCK_DRV_SetClockSource
                0x00005af0                CLOCK_SYS_Init
                0x00005b0c                CLOCK_SYS_UpdateConfiguration
                0x00005bf4                CLOCK_SYS_GetCurrentConfiguration
                0x00005c00                CLOCK_SYS_GetErrorCallback
                0x00005c1c                CLOCK_SYS_GetFreq
                0x00005c24                CLOCK_SYS_SetConfiguration
 .text          0x00005c2c      0xae4 edma_driver.o
                0x00005c3c                EDMA_DRV_InstallCallback
                0x00005c5c                EDMA_DRV_ReleaseChannel
                0x00005c90                EDMA_DRV_Deinit
                0x00005ce0                EDMA_DRV_IRQHandler
                0x00005d0c                EDMA_DRV_ErrorIRQHandler
                0x00005d48                EDMA_DRV_ConfigSingleBlockTransfer
                0x00005e90                EDMA_DRV_ConfigMultiBlockTransfer
                0x00005ef4                EDMA_DRV_StartChannel
                0x00005f0c                EDMA_DRV_StopChannel
                0x00005f24                EDMA_DRV_SetChannelRequestAndTrigger
                0x00005f68                EDMA_DRV_ChannelInit
                0x00006008                EDMA_DRV_Init
                0x000060b8                EDMA_DRV_ClearTCD
                0x000060cc                EDMA_DRV_SetSrcAddr
                0x000060e0                EDMA_DRV_SetSrcOffset
                0x000060f4                EDMA_DRV_SetSrcReadChunkSize
                0x0000611a                EDMA_DRV_SetSrcLastAddrAdjustment
                0x00006130                EDMA_DRV_SetDestLastAddrAdjustment
                0x00006146                EDMA_DRV_SetDestAddr
                0x0000615c                EDMA_DRV_SetDestOffset
                0x00006174                EDMA_DRV_SetDestWriteChunkSize
                0x00006198                EDMA_DRV_SetMinorLoopBlockSize
                0x000061ac                EDMA_DRV_SetMajorLoopIterationCount
                0x000061c0                EDMA_DRV_GetRemainingMajorIterationsCount
                0x000061d4                EDMA_DRV_SetScatterGatherLink
                0x000061e8                EDMA_DRV_DisableRequestsOnTransferComplete
                0x00006220                EDMA_DRV_ConfigureInterrupt
                0x000062a0                EDMA_DRV_CancelTransfer
                0x000062b8                EDMA_DRV_TriggerSwRequest
                0x000062c8                EDMA_DRV_PushConfigToSTCD
                0x00006356                EDMA_DRV_PushConfigToReg
                0x00006530                EDMA_DRV_ConfigLoopTransfer
                0x00006558                EDMA_DRV_ConfigScatterGatherTransfer
                0x000066f8                EDMA_DRV_GetChannelStatus
                0x00006708                EDMA_DRV_GetDmaRegBaseAddr
 .text          0x00006710      0x284 edma_hw_access.o
                0x00006710                EDMA_CancelTransfer
                0x00006722                EDMA_CancelTransferWithError
                0x00006734                EDMA_SetErrorIntCmd
                0x0000673e                EDMA_SetDmaRequestCmd
                0x00006748                EDMA_TCDClearReg
                0x00006792                EDMA_Init
                0x000067b4                EDMA_TCDSetAttribute
                0x000067e4                EDMA_TCDSetNbytes
                0x00006840                EDMA_TCDSetMinorLoopOffset
                0x00006884                EDMA_TCDSetScatterGatherLink
                0x00006890                EDMA_TCDSetChannelMinorLink
                0x000068fa                EDMA_TCDSetMajorCount
                0x00006958                EDMA_TCDGetCurrentMajorCount
                0x00006984                DMAMUX_Init
 .text          0x00006994       0xc8 edma_irq.o
                0x00006994                DMA0_IRQHandler
                0x0000699e                DMA1_IRQHandler
                0x000069a8                DMA2_IRQHandler
                0x000069b2                DMA3_IRQHandler
                0x000069bc                DMA4_IRQHandler
                0x000069c6                DMA5_IRQHandler
                0x000069d0                DMA6_IRQHandler
                0x000069da                DMA7_IRQHandler
                0x000069e4                DMA8_IRQHandler
                0x000069ee                DMA9_IRQHandler
                0x000069f8                DMA10_IRQHandler
                0x00006a02                DMA11_IRQHandler
                0x00006a0c                DMA12_IRQHandler
                0x00006a16                DMA13_IRQHandler
                0x00006a20                DMA14_IRQHandler
                0x00006a2a                DMA15_IRQHandler
                0x00006a34                DMA_Error_IRQHandler
 .text          0x00006a5c      0x268 fcan0_s32k_rx_isr.o
                0x00006a5c                fcan0_s32k_rx_isr
 .text          0x00006cc4     0x15e8 flexcan_driver.o
                0x00007018                FLEXCAN_DRV_SetBitrate
                0x000070c8                FLEXCAN_DRV_SetBitrateCbt
                0x0000713c                FLEXCAN_DRV_GetBitrate
                0x000071a0                FLEXCAN_DRV_GetBitrateFD
                0x000071e0                FLEXCAN_DRV_SetRxMaskType
                0x00007210                FLEXCAN_DRV_SetRxFifoGlobalMask
                0x00007294                FLEXCAN_DRV_SetRxMbGlobalMask
                0x000072cc                FLEXCAN_DRV_SetRxMb14Mask
                0x00007304                FLEXCAN_DRV_SetRxMb15Mask
                0x0000733c                FLEXCAN_DRV_SetRxIndividualMask
                0x00007450                FLEXCAN_DRV_Init
                0x00007720                FLEXCAN_DRV_ConfigTxMb
                0x00007760                FLEXCAN_DRV_ConfigRemoteResponseMb
                0x000077ac                FLEXCAN_DRV_SendBlocking
                0x00007870                FLEXCAN_DRV_Send
                0x000078a4                FLEXCAN_DRV_ConfigRxMb
                0x00007928                FLEXCAN_DRV_ConfigRxFifo
                0x00007950                FLEXCAN_DRV_ReceiveBlocking
                0x000079d0                FLEXCAN_DRV_Receive
                0x000079da                FLEXCAN_DRV_RxFifoBlocking
                0x00007a58                FLEXCAN_DRV_RxFifo
                0x00007a62                FLEXCAN_DRV_Deinit
                0x00007b38                FLEXCAN_DRV_SetTDCOffset
                0x00007b70                FLEXCAN_DRV_GetTDCValue
                0x00007b84                FLEXCAN_DRV_GetTDCFail
                0x00007b98                FLEXCAN_DRV_ClearTDCFail
                0x00007bb0                FLEXCAN_BusOff_IRQHandler
                0x00007bd8                FLEXCAN_IRQHandler
                0x00007df4                FLEXCAN_Error_IRQHandler
                0x00007e1c                FLEXCAN_WakeUpHandler
                0x00007e88                FLEXCAN_DRV_GetTransferStatus
                0x00007eac                FLEXCAN_DRV_GetErrorStatus
                0x00007ebc                FLEXCAN_DRV_AbortTransfer
                0x00008030                FLEXCAN_DRV_InstallEventCallback
                0x00008044                FLEXCAN_DRV_InstallErrorCallback
                0x000080d8                FLEXCAN_DRV_ConfigPN
                0x00008118                FLEXCAN_DRV_GetWMB
                0x00008154                FLEXCAN_DRV_GetDefaultConfig
 .text          0x000082ac      0xb2c flexcan_hw_access.o
                0x000082e2                FLEXCAN_GetRxFifoMask
                0x00008344                FLEXCAN_GetMaxMbNum
                0x00008370                FLEXCAN_Enable
                0x0000839a                FLEXCAN_Disable
                0x000083b2                FLEXCAN_Init
                0x00008414                FLEXCAN_EnableRxFifo
                0x00008468                FLEXCAN_SetRxFifoFilter
                0x00008640                FLEXCAN_SetMsgBuffIntCmd
                0x0000867c                FLEXCAN_SetErrIntCmd
                0x000086d6                FLEXCAN_ExitFreezeMode
                0x000086f0                FLEXCAN_EnterFreezeMode
                0x00008730                FLEXCAN_ClearErrIntStatusFlag
                0x00008748                FLEXCAN_ClearBusOffIntStatusFlag
                0x0000875c                FLEXCAN_ReadRxFifo
                0x000087b2                FLEXCAN_SetOperationMode
                0x00008810                FLEXCAN_SetPayloadSize
                0x0000882a                FLEXCAN_GetPayloadSize
                0x0000884a                FLEXCAN_GetMsgBuffRegion
                0x0000887a                FLEXCAN_SetTxMsgBuff
                0x00008a0c                FLEXCAN_AbortTxMsgBuff
                0x00008a20                FLEXCAN_ResetRxMsgBuff
                0x00008a36                FLEXCAN_SetRxMsgBuff
                0x00008afc                FLEXCAN_LockRxMsgBuff
                0x00008b06                FLEXCAN_GetMsgBuff
                0x00008b94                FLEXCAN_SetMaxMsgBuffNum
                0x00008c30                FLEXCAN_ConfigPN
 .text          0x00008dd8       0x82 flexcan_irq.o
                0x00008dd8                CAN0_ORed_IRQHandler
                0x00008de2                CAN0_Error_IRQHandler
                0x00008dec                CAN0_Wake_Up_IRQHandler
                0x00008df6                CAN0_ORed_0_15_MB_IRQHandler
                0x00008e00                CAN0_ORed_16_31_MB_IRQHandler
                0x00008e0a                CAN1_ORed_IRQHandler
                0x00008e14                CAN1_Error_IRQHandler
                0x00008e1e                CAN1_ORed_0_15_MB_IRQHandler
                0x00008e28                CAN1_ORed_16_31_MB_IRQHandler
                0x00008e32                CAN2_ORed_IRQHandler
                0x00008e3c                CAN2_Error_IRQHandler
                0x00008e46                CAN2_ORed_0_15_MB_IRQHandler
                0x00008e50                CAN2_ORed_16_31_MB_IRQHandler
 *fill*         0x00008e5a        0x2 
 .text          0x00008e5c      0x798 ftm_common.o
                0x00008e5c                FTM_DRV_Deinit
                0x00008e7c                FTM_DRV_GetDefaultConfig
                0x00008ea8                FTM_DRV_MaskOutputChannels
                0x00008ec8                FTM_DRV_SetInitialCounterValue
                0x00008ef0                FTM_DRV_SetHalfCycleReloadPoint
                0x00008f10                FTM_DRV_SetSoftOutChnValue
                0x00008f48                FTM_DRV_SetSoftwareOutputChannelControl
                0x00008f74                FTM_DRV_SetAllChnSoftwareOutputControl
                0x00008fa4                FTM_DRV_SetInvertingControl
                0x00008fc4                FTM_DRV_SetModuloCounterValue
                0x00008fec                FTM_DRV_SetOutputlevel
                0x00009020                FTM_DRV_SetSync
                0x000091dc                FTM_DRV_GenerateHardwareTrigger
                0x000091f8                FTM_DRV_EnableInterrupts
                0x00009298                FTM_DRV_DisableInterrupts
                0x00009334                FTM_DRV_GetEnabledInterrupts
                0x00009390                FTM_DRV_GetStatusFlags
                0x000093ec                FTM_DRV_ClearStatusFlags
                0x00009478                FTM_DRV_GetFrequency
                0x000094dc                FTM_DRV_Init
                0x000095bc                FTM_DRV_ConvertFreqToPeriodTicks
                0x000095d0                FTM_DRV_CounterReset
 .text          0x000095f4      0x110 ftm_fault_irq.o
                0x000095f4                FTM0_Fault_IRQHandler
                0x00009634                FTM1_Fault_IRQHandler
                0x00009674                FTM2_Fault_IRQHandler
                0x000096b4                FTM3_Fault_IRQHandler
                0x000096f4                FTM_FAULT_DRV_InstallCallback
 .text          0x00009704       0xfe ftm_hw_access.o
                0x00009704                FTM_DRV_InitModule
                0x0000971c                FTM_DRV_Reset
                0x00009782                FTM_DRV_SetChnTriggerCmd
                0x000097b4                FTM_DRV_SetChnInputCaptureFilter
 *fill*         0x00009802        0x2 
 .text          0x00009804      0x6dc ftm_ic_driver.o
                0x000098bc                FTM_DRV_InitInputCapture
                0x00009b8c                FTM_DRV_DeinitInputCapture
                0x00009c5c                FTM_DRV_GetInputCaptureMeasurement
                0x00009c74                FTM_DRV_StartNewSignalMeasurement
                0x00009cdc                FTM_IC_DRV_SetChannelMode
                0x00009e20                FTM0_Ch0_Ch1_IRQHandler
                0x00009e2c                FTM0_Ch2_Ch3_IRQHandler
                0x00009e38                FTM0_Ch4_Ch5_IRQHandler
                0x00009e44                FTM0_Ch6_Ch7_IRQHandler
                0x00009e50                FTM1_Ch0_Ch1_IRQHandler
                0x00009e5c                FTM1_Ch2_Ch3_IRQHandler
                0x00009e68                FTM1_Ch4_Ch5_IRQHandler
                0x00009e74                FTM1_Ch6_Ch7_IRQHandler
                0x00009e80                FTM2_Ch0_Ch1_IRQHandler
                0x00009e8c                FTM2_Ch2_Ch3_IRQHandler
                0x00009e98                FTM2_Ch4_Ch5_IRQHandler
                0x00009ea4                FTM2_Ch6_Ch7_IRQHandler
                0x00009eb0                FTM3_Ch0_Ch1_IRQHandler
                0x00009ebc                FTM3_Ch2_Ch3_IRQHandler
                0x00009ec8                FTM3_Ch4_Ch5_IRQHandler
                0x00009ed4                FTM3_Ch6_Ch7_IRQHandler
 .text          0x00009ee0      0x9b4 ftm_pwm_driver.o
                0x00009ee0                FTM_DRV_DeinitPwm
                0x00009fec                FTM_DRV_UpdatePwmChannel
                0x0000a0f0                FTM_DRV_InitPwm
                0x0000a728                FTM_DRV_UpdatePwmPeriod
                0x0000a784                FTM_DRV_FastUpdatePwmChannels
                0x0000a7c4                FTM_DRV_ControlChannelOutput
                0x0000a7f4                FTM_PWM_DRV_IrqHandler
 .text          0x0000a894      0x190 ftm_qd_driver.o
                0x0000a894                FTM_DRV_QuadDecodeStart
                0x0000a9b0                FTM_DRV_QuadDecodeStop
                0x0000a9d8                FTM_DRV_QuadGetState
                0x0000aa08                FTM_QD_DRV_GetDefaultConfig
 .text          0x0000aa24      0x1ac interrupt_manager.o
                0x0000aa24                INT_SYS_InstallHandler
                0x0000aa64                INT_SYS_EnableIRQ
                0x0000aa7c                INT_SYS_DisableIRQ
                0x0000aa98                INT_SYS_EnableIRQGlobal
                0x0000aab4                INT_SYS_DisableIRQGlobal
                0x0000aac4                INT_SYS_SetPriority
                0x0000ab1c                INT_SYS_GetPriority
                0x0000ab60                INT_SYS_ClearPending
                0x0000ab7c                INT_SYS_SetPending
                0x0000ab98                INT_SYS_GetPending
                0x0000abb4                INT_SYS_GetActive
 .text          0x0000abd0      0x62c lpit_driver.o
                0x0000abd0                LPIT_DRV_GetDefaultConfig
                0x0000abd8                LPIT_DRV_GetDefaultChanConfig
                0x0000abf8                LPIT_DRV_Init
                0x0000aca4                LPIT_DRV_Deinit
                0x0000acb4                LPIT_DRV_StartTimerChannels
                0x0000acc4                LPIT_DRV_StopTimerChannels
                0x0000acd4                LPIT_DRV_SetTimerPeriodByUs
                0x0000ad80                LPIT_DRV_InitChannel
                0x0000af08                LPIT_DRV_SetTimerPeriodInDual16ModeByUs
                0x0000af8c                LPIT_DRV_GetTimerPeriodByUs
                0x0000b0a0                LPIT_DRV_GetCurrentTimerUs
                0x0000b158                LPIT_DRV_SetTimerPeriodByCount
                0x0000b168                LPIT_DRV_SetTimerPeriodInDual16ModeByCount
                0x0000b17c                LPIT_DRV_GetTimerPeriodByCount
                0x0000b1a0                LPIT_DRV_GetCurrentTimerCount
                0x0000b1c4                LPIT_DRV_EnableTimerChannelInterrupt
                0x0000b1d4                LPIT_DRV_DisableTimerChannelInterrupt
                0x0000b1e4                LPIT_DRV_GetInterruptFlagTimerChannels
                0x0000b1f0                LPIT_DRV_ClearInterruptFlagTimerChannels
 .text          0x0000b1fc      0xdf4 lpuart_driver.o
                0x0000b700                LPUART_DRV_GetDefaultConfig
                0x0000b718                LPUART_DRV_Deinit
                0x0000b788                LPUART_DRV_InstallRxCallback
                0x0000b79c                LPUART_DRV_InstallTxCallback
                0x0000b7b0                LPUART_DRV_SendDataBlocking
                0x0000b80c                LPUART_DRV_SendDataPolling
                0x0000b890                LPUART_DRV_SendData
                0x0000b8b4                LPUART_DRV_GetTransmitStatus
                0x0000b8ec                LPUART_DRV_AbortSendingData
                0x0000b918                LPUART_DRV_ReceiveDataBlocking
                0x0000b974                LPUART_DRV_ReceiveDataPolling
                0x0000babc                LPUART_DRV_ReceiveData
                0x0000bae0                LPUART_DRV_GetReceiveStatus
                0x0000bb18                LPUART_DRV_AbortReceivingData
                0x0000bb44                LPUART_DRV_SetBaudRate
                0x0000bc30                LPUART_DRV_Init
                0x0000bd0c                LPUART_DRV_GetBaudRate
                0x0000bd44                LPUART_DRV_SetTxBuffer
                0x0000bd58                LPUART_DRV_SetRxBuffer
                0x0000bd6c                LPUART_DRV_IRQHandler
 .text          0x0000bff0      0x34c lpuart_hw_access.o
                0x0000bff0                LPUART_Init
                0x0000c014                LPUART_SetBitCountPerChar
                0x0000c044                LPUART_SetParityMode
                0x0000c062                LPUART_Putchar9
                0x0000c078                LPUART_Putchar10
                0x0000c09a                LPUART_Getchar9
                0x0000c0ac                LPUART_Getchar10
                0x0000c0ca                LPUART_SetIntMode
                0x0000c13a                LPUART_GetIntMode
                0x0000c184                LPUART_GetStatusFlag
                0x0000c1cc                LPUART_ClearStatusFlag
                0x0000c2fc                LPUART_SetErrorInterrupts
 .text          0x0000c33c       0x1e lpuart_irq.o
                0x0000c33c                LPUART0_IrqHandler
                0x0000c346                LPUART1_IrqHandler
                0x0000c350                LPUART2_IrqHandler
 *fill*         0x0000c35a        0x2 
 .text          0x0000c35c       0x74 mbd_adc_irq.o
                0x0000c35c                ADC_CommonIRQHandler
                0x0000c3ac                ADC_InstallCallback
                0x0000c3bc                ADC0_IRQHandler
                0x0000c3c6                ADC1_IRQHandler
 .text          0x0000c3d0       0xb0 mbd_main.o
                0x0000c3d0                SYSTEM_INIT_TASK
                0x0000c3d8                SYSTEM_TASK
                0x0000c40a                LPIT0_Ch0_IRQHandler
                0x0000c41a                lpit0_init_step_timer
                0x0000c454                main
 .text          0x0000c480      0x1b0 model_wrapper.o
                0x0000c480                model_Outputs_wrapper
 .text          0x0000c630      0x150 osif_baremetal.o
                0x0000c630                SysTick_Handler
                0x0000c640                OSIF_TimeDelay
                0x0000c6a0                OSIF_GetMilliseconds
                0x0000c6ac                OSIF_MutexLock
                0x0000c6b0                OSIF_MutexUnlock
                0x0000c6b4                OSIF_MutexCreate
                0x0000c6b8                OSIF_MutexDestroy
                0x0000c6bc                OSIF_SemaWait
                0x0000c740                OSIF_SemaPost
                0x0000c766                OSIF_SemaCreate
                0x0000c77a                OSIF_SemaDestroy
 .text          0x0000c780      0x144 pins_driver.o
                0x0000c780                PINS_DRV_Init
                0x0000c7a0                PINS_DRV_SetPullSel
                0x0000c7da                PINS_DRV_SetMuxModeSel
                0x0000c7e2                PINS_DRV_SetPinIntSel
                0x0000c7f8                PINS_DRV_GetPinIntSel
                0x0000c802                PINS_DRV_ClearPinIntFlagCmd
                0x0000c810                PINS_DRV_EnableDigitalFilter
                0x0000c822                PINS_DRV_DisableDigitalFilter
                0x0000c836                PINS_DRV_ConfigDigitalFilter
                0x0000c84c                PINS_DRV_GetPortIntFlag
                0x0000c852                PINS_DRV_ClearPortIntFlagCmd
                0x0000c85c                PINS_DRV_GetPinsDirection
                0x0000c860                PINS_DRV_SetPinDirection
                0x0000c878                PINS_DRV_SetPinsDirection
                0x0000c87c                PINS_DRV_SetPortInputDisable
                0x0000c880                PINS_DRV_GetPortInputDisable
                0x0000c884                PINS_DRV_SetGlobalPinControl
                0x0000c88c                PINS_DRV_SetGlobalIntControl
                0x0000c894                PINS_DRV_WritePin
                0x0000c8ac                PINS_DRV_WritePins
                0x0000c8b0                PINS_DRV_GetPinsOutput
                0x0000c8b4                PINS_DRV_SetPins
                0x0000c8b8                PINS_DRV_ClearPins
                0x0000c8bc                PINS_DRV_TogglePins
                0x0000c8c0                PINS_DRV_ReadPins
 .text          0x0000c8c4      0x224 pins_port_hw_access.o
                0x0000c934                PINS_Init
                0x0000ca48                PINS_SetMuxModeSel
                0x0000ca98                PINS_SetGlobalPinControl
                0x0000cac4                PINS_SetGlobalIntControl
 .text          0x0000cae8      0x1d0 power_manager.o
                0x0000cb8c                POWER_SYS_Init
                0x0000cbb8                POWER_SYS_Deinit
                0x0000cbd0                POWER_SYS_GetLastMode
                0x0000cbe8                POWER_SYS_GetLastModeConfig
                0x0000cc04                POWER_SYS_GetErrorCallbackIndex
                0x0000cc10                POWER_SYS_GetErrorCallback
                0x0000cc2c                POWER_SYS_SetMode
                0x0000ccac                POWER_SYS_GetDefaultConfig
 .text          0x0000ccb8      0x504 power_manager_S32K1xx.o
                0x0000cd84                POWER_SYS_DoInit
                0x0000ce1c                POWER_SYS_DoDeinit
                0x0000ce30                POWER_SYS_GetCurrentMode
                0x0000ce54                POWER_SYS_DoSetMode
                0x0000d15a                POWER_SYS_GetResetSrcStatusCmd
 .text          0x0000d1bc      0x184 power_smc_hw_access.o
                0x0000d22c                SMC_SetPowerMode
                0x0000d328                SMC_SetProtectionMode
 .text          0x0000d340       0x20 rtmodel.o
                0x0000d340                Final_project_template_step
 .text          0x0000d360      0x150 s32k_clock_init.o
                0x0000d360                Clock_Setup
                0x0000d460                UpdateSystickConfig
                0x0000d478                lpit0_clock_init
 .text          0x0000d4b0       0xd8 startup.o
                0x0000d4b0                init_data_bss
 .text          0x0000d588       0xd4 system_S32K144.o
                0x0000d588                SystemInit
                0x0000d5c4                SystemCoreClockUpdate
                0x0000d644                SystemSoftwareReset
 .text          0x0000d65c      0x378 c:/programdata/mathworks/r2022b/toolboxes/nxp_mbdtoolbox_s32k1xx/tools/gcc-6.3-arm32-eabi/bin/../lib/gcc/arm-none-eabi/6.3.1/thumb/v7e-m/fpv4-sp/hard\libgcc.a(_arm_addsubdf3.o)
                0x0000d65c                __aeabi_drsub
                0x0000d664                __aeabi_dsub
                0x0000d664                __subdf3
                0x0000d668                __aeabi_dadd
                0x0000d668                __adddf3
                0x0000d8e0                __floatunsidf
                0x0000d8e0                __aeabi_ui2d
                0x0000d900                __floatsidf
                0x0000d900                __aeabi_i2d
                0x0000d924                __aeabi_f2d
                0x0000d924                __extendsfdf2
                0x0000d968                __floatundidf
                0x0000d968                __aeabi_ul2d
                0x0000d978                __floatdidf
                0x0000d978                __aeabi_l2d
 .text          0x0000d9d4      0x424 c:/programdata/mathworks/r2022b/toolboxes/nxp_mbdtoolbox_s32k1xx/tools/gcc-6.3-arm32-eabi/bin/../lib/gcc/arm-none-eabi/6.3.1/thumb/v7e-m/fpv4-sp/hard\libgcc.a(_arm_muldivdf3.o)
                0x0000d9d4                __aeabi_dmul
                0x0000d9d4                __muldf3
                0x0000dc28                __divdf3
                0x0000dc28                __aeabi_ddiv
 .text          0x0000ddf8      0x110 c:/programdata/mathworks/r2022b/toolboxes/nxp_mbdtoolbox_s32k1xx/tools/gcc-6.3-arm32-eabi/bin/../lib/gcc/arm-none-eabi/6.3.1/thumb/v7e-m/fpv4-sp/hard\libgcc.a(_arm_cmpdf2.o)
                0x0000ddf8                __gtdf2
                0x0000ddf8                __gedf2
                0x0000de00                __ltdf2
                0x0000de00                __ledf2
                0x0000de08                __nedf2
                0x0000de08                __eqdf2
                0x0000de08                __cmpdf2
                0x0000de84                __aeabi_cdrcmple
                0x0000de94                __aeabi_cdcmpeq
                0x0000de94                __aeabi_cdcmple
                0x0000dea4                __aeabi_dcmpeq
                0x0000deb8                __aeabi_dcmplt
                0x0000decc                __aeabi_dcmple
                0x0000dee0                __aeabi_dcmpge
                0x0000def4                __aeabi_dcmpgt
 .text          0x0000df08       0x2c c:/programdata/mathworks/r2022b/toolboxes/nxp_mbdtoolbox_s32k1xx/tools/gcc-6.3-arm32-eabi/bin/../lib/gcc/arm-none-eabi/6.3.1/thumb/v7e-m/fpv4-sp/hard\libgcc.a(_arm_unorddf2.o)
                0x0000df08                __unorddf2
                0x0000df08                __aeabi_dcmpun
 .text          0x0000df34       0x50 c:/programdata/mathworks/r2022b/toolboxes/nxp_mbdtoolbox_s32k1xx/tools/gcc-6.3-arm32-eabi/bin/../lib/gcc/arm-none-eabi/6.3.1/thumb/v7e-m/fpv4-sp/hard\libgcc.a(_arm_fixdfsi.o)
                0x0000df34                __aeabi_d2iz
                0x0000df34                __fixdfsi
 .text          0x0000df84       0xa0 c:/programdata/mathworks/r2022b/toolboxes/nxp_mbdtoolbox_s32k1xx/tools/gcc-6.3-arm32-eabi/bin/../lib/gcc/arm-none-eabi/6.3.1/thumb/v7e-m/fpv4-sp/hard\libgcc.a(_arm_truncdfsf2.o)
                0x0000df84                __truncdfsf2
                0x0000df84                __aeabi_d2f
 .text          0x0000e024       0x30 c:/programdata/mathworks/r2022b/toolboxes/nxp_mbdtoolbox_s32k1xx/tools/gcc-6.3-arm32-eabi/bin/../lib/gcc/arm-none-eabi/6.3.1/thumb/v7e-m/fpv4-sp/hard\libgcc.a(_aeabi_uldivmod.o)
                0x0000e024                __aeabi_uldivmod
 .text          0x0000e054      0x2e4 c:/programdata/mathworks/r2022b/toolboxes/nxp_mbdtoolbox_s32k1xx/tools/gcc-6.3-arm32-eabi/bin/../lib/gcc/arm-none-eabi/6.3.1/thumb/v7e-m/fpv4-sp/hard\libgcc.a(_udivmoddi4.o)
                0x0000e054                __udivmoddi4
 .text          0x0000e338        0x4 c:/programdata/mathworks/r2022b/toolboxes/nxp_mbdtoolbox_s32k1xx/tools/gcc-6.3-arm32-eabi/bin/../lib/gcc/arm-none-eabi/6.3.1/thumb/v7e-m/fpv4-sp/hard\libgcc.a(_dvmd_tls.o)
                0x0000e338                __aeabi_idiv0
                0x0000e338                __aeabi_ldiv0
 *(.text*)
 *fill*         0x0000e33c        0x4 
 .text.cos      0x0000e340       0x88 C:/ProgramData/MathWorks/R2022b/Toolboxes/NXP_MBDToolbox_S32K1xx/tools/gcc-6.3-arm32-eabi/arm-none-eabi/newlib/lib/thumb/v7e-m/fpv4-sp/hard\libm.a(lib_a-s_cos.o)
                0x0000e340                cos
 .text.cosf     0x0000e3c8       0x80 C:/ProgramData/MathWorks/R2022b/Toolboxes/NXP_MBDToolbox_S32K1xx/tools/gcc-6.3-arm32-eabi/arm-none-eabi/newlib/lib/thumb/v7e-m/fpv4-sp/hard\libm.a(lib_a-sf_cos.o)
                0x0000e3c8                cosf
 .text.sinf     0x0000e448       0x84 C:/ProgramData/MathWorks/R2022b/Toolboxes/NXP_MBDToolbox_S32K1xx/tools/gcc-6.3-arm32-eabi/arm-none-eabi/newlib/lib/thumb/v7e-m/fpv4-sp/hard\libm.a(lib_a-sf_sin.o)
                0x0000e448                sinf
 *fill*         0x0000e4cc        0x4 
 .text.sin      0x0000e4d0       0x90 C:/ProgramData/MathWorks/R2022b/Toolboxes/NXP_MBDToolbox_S32K1xx/tools/gcc-6.3-arm32-eabi/arm-none-eabi/newlib/lib/thumb/v7e-m/fpv4-sp/hard\libm.a(lib_a-s_sin.o)
                0x0000e4d0                sin
 .text.fmod     0x0000e560       0xc8 C:/ProgramData/MathWorks/R2022b/Toolboxes/NXP_MBDToolbox_S32K1xx/tools/gcc-6.3-arm32-eabi/arm-none-eabi/newlib/lib/thumb/v7e-m/fpv4-sp/hard\libm.a(lib_a-w_fmod.o)
                0x0000e560                fmod
 .text.sqrt     0x0000e628       0xb4 C:/ProgramData/MathWorks/R2022b/Toolboxes/NXP_MBDToolbox_S32K1xx/tools/gcc-6.3-arm32-eabi/arm-none-eabi/newlib/lib/thumb/v7e-m/fpv4-sp/hard\libm.a(lib_a-w_sqrt.o)
                0x0000e628                sqrt
 .text.__ieee754_fmod
                0x0000e6dc      0x230 C:/ProgramData/MathWorks/R2022b/Toolboxes/NXP_MBDToolbox_S32K1xx/tools/gcc-6.3-arm32-eabi/arm-none-eabi/newlib/lib/thumb/v7e-m/fpv4-sp/hard\libm.a(lib_a-e_fmod.o)
                0x0000e6dc                __ieee754_fmod
 .text.__ieee754_rem_pio2f
                0x0000e90c      0x258 C:/ProgramData/MathWorks/R2022b/Toolboxes/NXP_MBDToolbox_S32K1xx/tools/gcc-6.3-arm32-eabi/arm-none-eabi/newlib/lib/thumb/v7e-m/fpv4-sp/hard\libm.a(lib_a-ef_rem_pio2.o)
                0x0000e90c                __ieee754_rem_pio2f
 *fill*         0x0000eb64        0x4 
 .text.__ieee754_rem_pio2
                0x0000eb68      0x3e4 C:/ProgramData/MathWorks/R2022b/Toolboxes/NXP_MBDToolbox_S32K1xx/tools/gcc-6.3-arm32-eabi/arm-none-eabi/newlib/lib/thumb/v7e-m/fpv4-sp/hard\libm.a(lib_a-e_rem_pio2.o)
                0x0000eb68                __ieee754_rem_pio2
 .text.__ieee754_sqrt
                0x0000ef4c      0x160 C:/ProgramData/MathWorks/R2022b/Toolboxes/NXP_MBDToolbox_S32K1xx/tools/gcc-6.3-arm32-eabi/arm-none-eabi/newlib/lib/thumb/v7e-m/fpv4-sp/hard\libm.a(lib_a-e_sqrt.o)
                0x0000ef4c                __ieee754_sqrt
 *fill*         0x0000f0ac        0x4 
 .text.__kernel_cos
                0x0000f0b0      0x1cc C:/ProgramData/MathWorks/R2022b/Toolboxes/NXP_MBDToolbox_S32K1xx/tools/gcc-6.3-arm32-eabi/arm-none-eabi/newlib/lib/thumb/v7e-m/fpv4-sp/hard\libm.a(lib_a-k_cos.o)
                0x0000f0b0                __kernel_cos
 .text.__kernel_cosf
                0x0000f27c       0xbc C:/ProgramData/MathWorks/R2022b/Toolboxes/NXP_MBDToolbox_S32K1xx/tools/gcc-6.3-arm32-eabi/arm-none-eabi/newlib/lib/thumb/v7e-m/fpv4-sp/hard\libm.a(lib_a-kf_cos.o)
                0x0000f27c                __kernel_cosf
 .text.__kernel_rem_pio2f
                0x0000f338      0x4bc C:/ProgramData/MathWorks/R2022b/Toolboxes/NXP_MBDToolbox_S32K1xx/tools/gcc-6.3-arm32-eabi/arm-none-eabi/newlib/lib/thumb/v7e-m/fpv4-sp/hard\libm.a(lib_a-kf_rem_pio2.o)
                0x0000f338                __kernel_rem_pio2f
 .text.__kernel_sinf
                0x0000f7f4       0x90 C:/ProgramData/MathWorks/R2022b/Toolboxes/NXP_MBDToolbox_S32K1xx/tools/gcc-6.3-arm32-eabi/arm-none-eabi/newlib/lib/thumb/v7e-m/fpv4-sp/hard\libm.a(lib_a-kf_sin.o)
                0x0000f7f4                __kernel_sinf
 *fill*         0x0000f884        0x4 
 .text.__kernel_rem_pio2
                0x0000f888      0x69c C:/ProgramData/MathWorks/R2022b/Toolboxes/NXP_MBDToolbox_S32K1xx/tools/gcc-6.3-arm32-eabi/arm-none-eabi/newlib/lib/thumb/v7e-m/fpv4-sp/hard\libm.a(lib_a-k_rem_pio2.o)
                0x0000f888                __kernel_rem_pio2
 *fill*         0x0000ff24        0x4 
 .text.__kernel_sin
                0x0000ff28      0x174 C:/ProgramData/MathWorks/R2022b/Toolboxes/NXP_MBDToolbox_S32K1xx/tools/gcc-6.3-arm32-eabi/arm-none-eabi/newlib/lib/thumb/v7e-m/fpv4-sp/hard\libm.a(lib_a-k_sin.o)
                0x0000ff28                __kernel_sin
 .text.fabs     0x0001009c        0xe C:/ProgramData/MathWorks/R2022b/Toolboxes/NXP_MBDToolbox_S32K1xx/tools/gcc-6.3-arm32-eabi/arm-none-eabi/newlib/lib/thumb/v7e-m/fpv4-sp/hard\libm.a(lib_a-s_fabs.o)
                0x0001009c                fabs
 .text.fabsf    0x000100aa        0xe C:/ProgramData/MathWorks/R2022b/Toolboxes/NXP_MBDToolbox_S32K1xx/tools/gcc-6.3-arm32-eabi/arm-none-eabi/newlib/lib/thumb/v7e-m/fpv4-sp/hard\libm.a(lib_a-sf_fabs.o)
                0x000100aa                fabsf
 .text.floorf   0x000100b8       0x84 C:/ProgramData/MathWorks/R2022b/Toolboxes/NXP_MBDToolbox_S32K1xx/tools/gcc-6.3-arm32-eabi/arm-none-eabi/newlib/lib/thumb/v7e-m/fpv4-sp/hard\libm.a(lib_a-sf_floor.o)
                0x000100b8                floorf
 *fill*         0x0001013c        0x4 
 .text.floor    0x00010140      0x108 C:/ProgramData/MathWorks/R2022b/Toolboxes/NXP_MBDToolbox_S32K1xx/tools/gcc-6.3-arm32-eabi/arm-none-eabi/newlib/lib/thumb/v7e-m/fpv4-sp/hard\libm.a(lib_a-s_floor.o)
                0x00010140                floor
 .text.scalbnf  0x00010248       0xc0 C:/ProgramData/MathWorks/R2022b/Toolboxes/NXP_MBDToolbox_S32K1xx/tools/gcc-6.3-arm32-eabi/arm-none-eabi/newlib/lib/thumb/v7e-m/fpv4-sp/hard\libm.a(lib_a-sf_scalbn.o)
                0x00010248                scalbnf
 .text.matherr  0x00010308        0x4 C:/ProgramData/MathWorks/R2022b/Toolboxes/NXP_MBDToolbox_S32K1xx/tools/gcc-6.3-arm32-eabi/arm-none-eabi/newlib/lib/thumb/v7e-m/fpv4-sp/hard\libm.a(lib_a-s_matherr.o)
                0x00010308                matherr
 *fill*         0x0001030c        0x4 
 .text.scalbn   0x00010310       0xf4 C:/ProgramData/MathWorks/R2022b/Toolboxes/NXP_MBDToolbox_S32K1xx/tools/gcc-6.3-arm32-eabi/arm-none-eabi/newlib/lib/thumb/v7e-m/fpv4-sp/hard\libm.a(lib_a-s_scalbn.o)
                0x00010310                scalbn
 .text.copysign
                0x00010404       0x1a C:/ProgramData/MathWorks/R2022b/Toolboxes/NXP_MBDToolbox_S32K1xx/tools/gcc-6.3-arm32-eabi/arm-none-eabi/newlib/lib/thumb/v7e-m/fpv4-sp/hard\libm.a(lib_a-s_copysign.o)
                0x00010404                copysign
 .text.copysignf
                0x0001041e       0x18 C:/ProgramData/MathWorks/R2022b/Toolboxes/NXP_MBDToolbox_S32K1xx/tools/gcc-6.3-arm32-eabi/arm-none-eabi/newlib/lib/thumb/v7e-m/fpv4-sp/hard\libm.a(lib_a-sf_copysign.o)
                0x0001041e                copysignf
 *fill*         0x00010436        0x2 
 .text.__errno  0x00010438        0xc C:/ProgramData/MathWorks/R2022b/Toolboxes/NXP_MBDToolbox_S32K1xx/tools/gcc-6.3-arm32-eabi/arm-none-eabi/newlib/lib/thumb/v7e-m/fpv4-sp/hard\libc.a(lib_a-errno.o)
                0x00010438                __errno
 .text.memcpy   0x00010444       0x16 C:/ProgramData/MathWorks/R2022b/Toolboxes/NXP_MBDToolbox_S32K1xx/tools/gcc-6.3-arm32-eabi/arm-none-eabi/newlib/lib/thumb/v7e-m/fpv4-sp/hard\libc.a(lib_a-memcpy-stub.o)
                0x00010444                memcpy
 .text.memset   0x0001045a       0x10 C:/ProgramData/MathWorks/R2022b/Toolboxes/NXP_MBDToolbox_S32K1xx/tools/gcc-6.3-arm32-eabi/arm-none-eabi/newlib/lib/thumb/v7e-m/fpv4-sp/hard\libc.a(lib_a-memset.o)
                0x0001045a                memset
 *fill*         0x0001046a        0x2 
 .text.startup.register_fini
                0x0001046c       0x14 C:/ProgramData/MathWorks/R2022b/Toolboxes/NXP_MBDToolbox_S32K1xx/tools/gcc-6.3-arm32-eabi/arm-none-eabi/newlib/lib/thumb/v7e-m/fpv4-sp/hard\libc.a(lib_a-__call_atexit.o)
 .text.__libc_fini_array
                0x00010480       0x28 C:/ProgramData/MathWorks/R2022b/Toolboxes/NXP_MBDToolbox_S32K1xx/tools/gcc-6.3-arm32-eabi/arm-none-eabi/newlib/lib/thumb/v7e-m/fpv4-sp/hard\libc.a(lib_a-fini.o)
                0x00010480                __libc_fini_array
 .text.atexit   0x000104a8        0xc C:/ProgramData/MathWorks/R2022b/Toolboxes/NXP_MBDToolbox_S32K1xx/tools/gcc-6.3-arm32-eabi/arm-none-eabi/newlib/lib/thumb/v7e-m/fpv4-sp/hard\libc.a(lib_a-atexit.o)
                0x000104a8                atexit
 .text.__register_exitproc
                0x000104b4       0x98 C:/ProgramData/MathWorks/R2022b/Toolboxes/NXP_MBDToolbox_S32K1xx/tools/gcc-6.3-arm32-eabi/arm-none-eabi/newlib/lib/thumb/v7e-m/fpv4-sp/hard\libc.a(lib_a-__atexit.o)
                0x000104b4                __register_exitproc
 *(.rodata)
 .rodata        0x0001054c       0x68 Final_project_template.o
                0x000105b0                rtM
 .rodata        0x000105b4        0x4 Final_project_template_data.o
                0x000105b4                rtConstP
 .rodata        0x000105b8        0xa adc_driver.o
 *fill*         0x000105c2        0x2 
 .rodata        0x000105c4      0x20d clock_S32K1xx.o
                0x000106c0                clockNameMappings
                0x00010770                peripheralFeaturesList
 *fill*         0x000107d1        0x3 
 .rodata        0x000107d4       0x10 edma_driver.o
 .rodata        0x000107e4       0x22 flexcan_driver.o
 *fill*         0x00010806        0x2 
 .rodata        0x00010808       0x41 flexcan_hw_access.o
 *fill*         0x00010849        0x3 
 .rodata        0x0001084c       0x40 ftm_common.o
                0x0001084c                g_ftmBase
                0x0001085c                g_ftmOverflowIrqId
                0x00010860                g_ftmFaultIrqId
                0x00010864                g_ftmReloadIrqId
                0x00010868                g_ftmIrqId
 .rodata        0x0001088c       0x13 lpuart_driver.o
 *fill*         0x0001089f        0x1 
 .rodata        0x000108a0       0x18 mbd_main.o
 .rodata        0x000108b8        0x2 s32k_clock_init.o
 *(.rodata*)
 .rodata.fmod.str1.1
                0x000108ba        0x5 C:/ProgramData/MathWorks/R2022b/Toolboxes/NXP_MBDToolbox_S32K1xx/tools/gcc-6.3-arm32-eabi/arm-none-eabi/newlib/lib/thumb/v7e-m/fpv4-sp/hard\libm.a(lib_a-w_fmod.o)
 .rodata.sqrt.str1.1
                0x000108bf        0x5 C:/ProgramData/MathWorks/R2022b/Toolboxes/NXP_MBDToolbox_S32K1xx/tools/gcc-6.3-arm32-eabi/arm-none-eabi/newlib/lib/thumb/v7e-m/fpv4-sp/hard\libm.a(lib_a-w_sqrt.o)
 *fill*         0x000108c4        0x4 
 .rodata.Zero   0x000108c8       0x10 C:/ProgramData/MathWorks/R2022b/Toolboxes/NXP_MBDToolbox_S32K1xx/tools/gcc-6.3-arm32-eabi/arm-none-eabi/newlib/lib/thumb/v7e-m/fpv4-sp/hard\libm.a(lib_a-e_fmod.o)
 .rodata.npio2_hw
                0x000108d8       0x80 C:/ProgramData/MathWorks/R2022b/Toolboxes/NXP_MBDToolbox_S32K1xx/tools/gcc-6.3-arm32-eabi/arm-none-eabi/newlib/lib/thumb/v7e-m/fpv4-sp/hard\libm.a(lib_a-ef_rem_pio2.o)
 .rodata.two_over_pi
                0x00010958      0x318 C:/ProgramData/MathWorks/R2022b/Toolboxes/NXP_MBDToolbox_S32K1xx/tools/gcc-6.3-arm32-eabi/arm-none-eabi/newlib/lib/thumb/v7e-m/fpv4-sp/hard\libm.a(lib_a-ef_rem_pio2.o)
 .rodata.npio2_hw
                0x00010c70       0x80 C:/ProgramData/MathWorks/R2022b/Toolboxes/NXP_MBDToolbox_S32K1xx/tools/gcc-6.3-arm32-eabi/arm-none-eabi/newlib/lib/thumb/v7e-m/fpv4-sp/hard\libm.a(lib_a-e_rem_pio2.o)
 .rodata.two_over_pi
                0x00010cf0      0x108 C:/ProgramData/MathWorks/R2022b/Toolboxes/NXP_MBDToolbox_S32K1xx/tools/gcc-6.3-arm32-eabi/arm-none-eabi/newlib/lib/thumb/v7e-m/fpv4-sp/hard\libm.a(lib_a-e_rem_pio2.o)
 .rodata.PIo2   0x00010df8       0x2c C:/ProgramData/MathWorks/R2022b/Toolboxes/NXP_MBDToolbox_S32K1xx/tools/gcc-6.3-arm32-eabi/arm-none-eabi/newlib/lib/thumb/v7e-m/fpv4-sp/hard\libm.a(lib_a-kf_rem_pio2.o)
 .rodata.init_jk
                0x00010e24        0xc C:/ProgramData/MathWorks/R2022b/Toolboxes/NXP_MBDToolbox_S32K1xx/tools/gcc-6.3-arm32-eabi/arm-none-eabi/newlib/lib/thumb/v7e-m/fpv4-sp/hard\libm.a(lib_a-kf_rem_pio2.o)
 .rodata.PIo2   0x00010e30       0x40 C:/ProgramData/MathWorks/R2022b/Toolboxes/NXP_MBDToolbox_S32K1xx/tools/gcc-6.3-arm32-eabi/arm-none-eabi/newlib/lib/thumb/v7e-m/fpv4-sp/hard\libm.a(lib_a-k_rem_pio2.o)
 .rodata.init_jk
                0x00010e70       0x10 C:/ProgramData/MathWorks/R2022b/Toolboxes/NXP_MBDToolbox_S32K1xx/tools/gcc-6.3-arm32-eabi/arm-none-eabi/newlib/lib/thumb/v7e-m/fpv4-sp/hard\libm.a(lib_a-k_rem_pio2.o)
 .rodata._global_impure_ptr
                0x00010e80        0x4 C:/ProgramData/MathWorks/R2022b/Toolboxes/NXP_MBDToolbox_S32K1xx/tools/gcc-6.3-arm32-eabi/arm-none-eabi/newlib/lib/thumb/v7e-m/fpv4-sp/hard\libc.a(lib_a-impure.o)
                0x00010e80                _global_impure_ptr
 *(.glue_7)
 .glue_7        0x00010e84        0x0 linker stubs
 *(.glue_7t)
 .glue_7t       0x00010e84        0x0 linker stubs
 *(.eh_frame)
 .eh_frame      0x00010e84        0x0 c:/programdata/mathworks/r2022b/toolboxes/nxp_mbdtoolbox_s32k1xx/tools/gcc-6.3-arm32-eabi/bin/../lib/gcc/arm-none-eabi/6.3.1/thumb/v7e-m/fpv4-sp/hard/crtbegin.o
 *(.init)
 .init          0x00010e84        0x4 c:/programdata/mathworks/r2022b/toolboxes/nxp_mbdtoolbox_s32k1xx/tools/gcc-6.3-arm32-eabi/bin/../lib/gcc/arm-none-eabi/6.3.1/thumb/v7e-m/fpv4-sp/hard/crti.o
                0x00010e84                _init
 .init          0x00010e88        0x8 c:/programdata/mathworks/r2022b/toolboxes/nxp_mbdtoolbox_s32k1xx/tools/gcc-6.3-arm32-eabi/bin/../lib/gcc/arm-none-eabi/6.3.1/thumb/v7e-m/fpv4-sp/hard/crtn.o
 *(.fini)
 .fini          0x00010e90        0x4 c:/programdata/mathworks/r2022b/toolboxes/nxp_mbdtoolbox_s32k1xx/tools/gcc-6.3-arm32-eabi/bin/../lib/gcc/arm-none-eabi/6.3.1/thumb/v7e-m/fpv4-sp/hard/crti.o
                0x00010e90                _fini
 .fini          0x00010e94        0x8 c:/programdata/mathworks/r2022b/toolboxes/nxp_mbdtoolbox_s32k1xx/tools/gcc-6.3-arm32-eabi/bin/../lib/gcc/arm-none-eabi/6.3.1/thumb/v7e-m/fpv4-sp/hard/crtn.o
                0x00010e9c                . = ALIGN (0x4)

.vfp11_veneer   0x00010e9c        0x0
 .vfp11_veneer  0x00010e9c        0x0 linker stubs

.v4_bx          0x00010e9c        0x0
 .v4_bx         0x00010e9c        0x0 linker stubs

.iplt           0x00010e9c        0x0
 .iplt          0x00010e9c        0x0 c:/programdata/mathworks/r2022b/toolboxes/nxp_mbdtoolbox_s32k1xx/tools/gcc-6.3-arm32-eabi/bin/../lib/gcc/arm-none-eabi/6.3.1/thumb/v7e-m/fpv4-sp/hard/crtbegin.o

.ARM.extab
 *(.ARM.extab* .gnu.linkonce.armextab.*)

.ARM            0x00010e9c        0x8
                0x00010e9c                __exidx_start = .
 *(.ARM.exidx*)
 .ARM.exidx     0x00010e9c        0x8 c:/programdata/mathworks/r2022b/toolboxes/nxp_mbdtoolbox_s32k1xx/tools/gcc-6.3-arm32-eabi/bin/../lib/gcc/arm-none-eabi/6.3.1/thumb/v7e-m/fpv4-sp/hard\libgcc.a(_udivmoddi4.o)
                0x00010ea4                __exidx_end = .

.rel.dyn        0x00010ea4        0x0
 .rel.iplt      0x00010ea4        0x0 c:/programdata/mathworks/r2022b/toolboxes/nxp_mbdtoolbox_s32k1xx/tools/gcc-6.3-arm32-eabi/bin/../lib/gcc/arm-none-eabi/6.3.1/thumb/v7e-m/fpv4-sp/hard/crtbegin.o

.ctors          0x00010ea4        0x0
                0x00010ea4                __CTOR_LIST__ = .
 *crtbegin.o(.ctors)
 *crtbegin?.o(.ctors)
 *(EXCLUDE_FILE(*crtend.o *crtend?.o) .ctors)
 *(SORT(.ctors.*))
 *(.ctors)
                0x00010ea4                __CTOR_END__ = .

.dtors          0x00010ea4        0x0
                0x00010ea4                __DTOR_LIST__ = .
 *crtbegin.o(.dtors)
 *crtbegin?.o(.dtors)
 *(EXCLUDE_FILE(*crtend.o *crtend?.o) .dtors)
 *(SORT(.dtors.*))
 *(.dtors)
                0x00010ea4                __DTOR_END__ = .

.preinit_array  0x00010ea4        0x0
                0x00010ea4                PROVIDE (__preinit_array_start, .)
 *(.preinit_array*)
                0x00010ea4                PROVIDE (__preinit_array_end, .)

.init_array     0x00010ea4        0x8
                0x00010ea4                PROVIDE (__init_array_start, .)
 *(SORT(.init_array.*))
 .init_array.00000
                0x00010ea4        0x4 C:/ProgramData/MathWorks/R2022b/Toolboxes/NXP_MBDToolbox_S32K1xx/tools/gcc-6.3-arm32-eabi/arm-none-eabi/newlib/lib/thumb/v7e-m/fpv4-sp/hard\libc.a(lib_a-__call_atexit.o)
 *(.init_array*)
 .init_array    0x00010ea8        0x4 c:/programdata/mathworks/r2022b/toolboxes/nxp_mbdtoolbox_s32k1xx/tools/gcc-6.3-arm32-eabi/bin/../lib/gcc/arm-none-eabi/6.3.1/thumb/v7e-m/fpv4-sp/hard/crtbegin.o
                0x00010eac                PROVIDE (__init_array_end, .)

.fini_array     0x00010eac        0x4
                0x00010eac                PROVIDE (__fini_array_start, .)
 *(SORT(.fini_array.*))
 *(.fini_array*)
 .fini_array    0x00010eac        0x4 c:/programdata/mathworks/r2022b/toolboxes/nxp_mbdtoolbox_s32k1xx/tools/gcc-6.3-arm32-eabi/bin/../lib/gcc/arm-none-eabi/6.3.1/thumb/v7e-m/fpv4-sp/hard/crtbegin.o
                0x00010eb0                PROVIDE (__fini_array_end, .)
                0x00010eb0                __etext = .
                0x00010eb0                __DATA_ROM = .

.interrupts_ram
                0x1fff9000      0x400
                0x1fff9000                . = ALIGN (0x4)
                0x1fff9000                __VECTOR_RAM__ = .
                0x1fff9000                __RAM_START = .
                0x1fff9000                __interrupts_ram_start__ = .
 *(.m_interrupts_ram)
                0x1fff9400                . = (. + M_VECTOR_RAM_SIZE)
 *fill*         0x1fff9000      0x400 
                0x1fff9400                . = ALIGN (0x4)
                0x1fff9400                __interrupts_ram_end__ = .
                0x1fff9000                __VECTOR_RAM = DEFINED (__flash_vector_table__)?ORIGIN (m_interrupts):__VECTOR_RAM__
                0x00000400                __RAM_VECTOR_TABLE_SIZE = DEFINED (__flash_vector_table__)?0x0:(__interrupts_ram_end__ - __interrupts_ram_start__)

.data           0x1fff9400      0xd3c load address 0x00010eb0
                0x1fff9400                . = ALIGN (0x4)
                0x1fff9400                __DATA_RAM = .
                0x1fff9400                __data_start__ = .
 *(.data)
 .data          0x1fff9400       0xa0 clock_S32K1xx.o
 .data          0x1fff94a0       0x50 ftm0_pwm_params.o
                0x1fff94a0                flexTimer_pwm0_InitConfig
                0x1fff94b4                flexTimer_pwm0_PwmConfig
                0x1fff94cc                flexTimer_pwm0_IndependentChannelsConfig
                0x1fff94e0                flexTimer_pwm0_FaultConfig
 .data          0x1fff94f0       0x50 ftm3_pwm_params.o
                0x1fff94f0                flexTimer_pwm3_InitConfig
                0x1fff9504                flexTimer_pwm3_PwmConfig
                0x1fff951c                flexTimer_pwm3_IndependentChannelsConfig
                0x1fff9530                flexTimer_pwm3_FaultConfig
 .data          0x1fff9540        0xc lpuart_irq.o
                0x1fff9540                g_lpuartIsr
 .data          0x1fff954c        0x1 osif_baremetal.o
 *fill*         0x1fff954d        0x3 
 .data          0x1fff9550      0x7c0 path_data.o
                0x1fff9550                rs
 .data          0x1fff9d10        0x1 s32k_clock_init.o
 *fill*         0x1fff9d11        0x3 
 .data          0x1fff9d14        0x4 system_S32K144.o
                0x1fff9d14                SystemCoreClock
 *(.data*)
 .data.__fdlib_version
                0x1fff9d18        0x1 C:/ProgramData/MathWorks/R2022b/Toolboxes/NXP_MBDToolbox_S32K1xx/tools/gcc-6.3-arm32-eabi/arm-none-eabi/newlib/lib/thumb/v7e-m/fpv4-sp/hard\libm.a(lib_a-s_lib_ver.o)
                0x1fff9d18                __fdlib_version
 *fill*         0x1fff9d19        0x3 
 .data._impure_ptr
                0x1fff9d1c        0x4 C:/ProgramData/MathWorks/R2022b/Toolboxes/NXP_MBDToolbox_S32K1xx/tools/gcc-6.3-arm32-eabi/arm-none-eabi/newlib/lib/thumb/v7e-m/fpv4-sp/hard\libc.a(lib_a-impure.o)
                0x1fff9d1c                _impure_ptr
 .data.impure_data
                0x1fff9d20      0x418 C:/ProgramData/MathWorks/R2022b/Toolboxes/NXP_MBDToolbox_S32K1xx/tools/gcc-6.3-arm32-eabi/arm-none-eabi/newlib/lib/thumb/v7e-m/fpv4-sp/hard\libc.a(lib_a-impure.o)
 *(.jcr*)
 .jcr           0x1fffa138        0x0 c:/programdata/mathworks/r2022b/toolboxes/nxp_mbdtoolbox_s32k1xx/tools/gcc-6.3-arm32-eabi/bin/../lib/gcc/arm-none-eabi/6.3.1/thumb/v7e-m/fpv4-sp/hard/crtbegin.o
 .jcr           0x1fffa138        0x4 c:/programdata/mathworks/r2022b/toolboxes/nxp_mbdtoolbox_s32k1xx/tools/gcc-6.3-arm32-eabi/bin/../lib/gcc/arm-none-eabi/6.3.1/thumb/v7e-m/fpv4-sp/hard/crtend.o
                0x1fffa13c                . = ALIGN (0x4)
                0x1fffa13c                __data_end__ = .
                0x00011bec                __DATA_END = (__DATA_ROM + (__data_end__ - __data_start__))
                0x00011bec                __CODE_ROM = __DATA_END

.tm_clone_table
                0x1fffa13c        0x0 load address 0x00011bec
 .tm_clone_table
                0x1fffa13c        0x0 c:/programdata/mathworks/r2022b/toolboxes/nxp_mbdtoolbox_s32k1xx/tools/gcc-6.3-arm32-eabi/bin/../lib/gcc/arm-none-eabi/6.3.1/thumb/v7e-m/fpv4-sp/hard/crtbegin.o
 .tm_clone_table
                0x1fffa13c        0x0 c:/programdata/mathworks/r2022b/toolboxes/nxp_mbdtoolbox_s32k1xx/tools/gcc-6.3-arm32-eabi/bin/../lib/gcc/arm-none-eabi/6.3.1/thumb/v7e-m/fpv4-sp/hard/crtend.o

.igot.plt       0x1fffa13c        0x0 load address 0x00011bec
 .igot.plt      0x1fffa13c        0x0 c:/programdata/mathworks/r2022b/toolboxes/nxp_mbdtoolbox_s32k1xx/tools/gcc-6.3-arm32-eabi/bin/../lib/gcc/arm-none-eabi/6.3.1/thumb/v7e-m/fpv4-sp/hard/crtbegin.o

.code           0x1fffa13c        0x0 load address 0x00011bec
                0x1fffa13c                . = ALIGN (0x4)
                0x1fffa13c                __CODE_RAM = .
                0x1fffa13c                __code_start__ = .
                0x1fffa13c                __code_ram_start__ = .
 *(.code_ram)
                0x1fffa13c                . = ALIGN (0x4)
                0x1fffa13c                __code_end__ = .
                0x1fffa13c                __code_ram_end__ = .
                0x00011bec                __CODE_END = (__CODE_ROM + (__code_end__ - __code_start__))
                0x00011bec                __CUSTOM_ROM = __CODE_END

.customSectionBlock
                0x20000000        0x0 load address 0x00011bec
                0x20000000                __customSection_start__ = .
 *(.customSection)
                0x20000000                __customSection_end__ = .
                0x00011bec                __CUSTOM_END = (__CUSTOM_ROM + (__customSection_end__ - __customSection_start__))

.bss            0x20000000      0xdf0
                0x20000000                . = ALIGN (0x4)
                0x20000000                __BSS_START = .
                0x20000000                __bss_start__ = .
 *(.bss)
 .bss           0x20000000       0x1c c:/programdata/mathworks/r2022b/toolboxes/nxp_mbdtoolbox_s32k1xx/tools/gcc-6.3-arm32-eabi/bin/../lib/gcc/arm-none-eabi/6.3.1/thumb/v7e-m/fpv4-sp/hard/crtbegin.o
 .bss           0x2000001c       0xa4 Final_project_template.o
 .bss           0x200000c0       0x10 clock_S32K1xx.o
 .bss           0x200000d0        0x4 edma_driver.o
 .bss           0x200000d4        0xc flexcan_driver.o
 .bss           0x200000e0       0x11 ftm_common.o
                0x200000e0                ftmStatePtr
                0x200000f0                faultDetection
 *fill*         0x200000f1        0x3 
 .bss           0x200000f4       0x80 ftm_fault_irq.o
 .bss           0x20000174        0x4 interrupt_manager.o
 .bss           0x20000178        0x4 lpit_driver.o
 .bss           0x2000017c        0xc lpuart_driver.o
 .bss           0x20000188       0x80 mbd_adc_irq.o
 .bss           0x20000208        0x4 osif_baremetal.o
 .bss           0x2000020c        0xc power_manager_S32K1xx.o
 *(.bss*)
 *(COMMON)
 COMMON         0x20000218      0xaf4 Final_project_template.o
                0x20000218                canCom0_recvBuff15
                0x20000264                canCom0_recvBuff3
                0x200002b0                canCom0_recvBuff12
                0x200002fc                canCom0_recvBuff6
                0x20000348                canCom0_recvBuff13
                0x20000394                canCom0_recvBuff9
                0x200003e0                canCom0_recvBuff7
                0x2000042c                canCom0_recvBuff16
                0x20000478                canCom0_recvBuff8
                0x200004c4                canCom0_recvBuff10
                0x20000510                canCom0_recvBuff11
                0x20000560                rtDW
                0x20000740                canCom0_recvBuff2
                0x2000078c                canCom0_recvBuff5
                0x200007d8                rtB
                0x20000b10                canCom0_State
                0x20000c24                rtPrevZCX
                0x20000c28                canCom0_recvBuff14
                0x20000c74                canCom0_recvBuff17
                0x20000cc0                canCom0_recvBuff4
 COMMON         0x20000d0c       0x14 clock_S32K1xx.o
                0x20000d0c                g_xtal0ClkFreq
                0x20000d10                g_RtcClkInFreq
                0x20000d14                g_TClkFreq
 COMMON         0x20000d20       0x60 ftm0_pwm_params.o
                0x20000d20                ftmStateStruct0
 COMMON         0x20000d80       0x60 ftm3_pwm_params.o
                0x20000d80                ftmStateStruct3
 COMMON         0x20000de0       0x10 power_manager_S32K1xx.o
                0x20000de0                gPowerManagerState
                0x20000df0                . = ALIGN (0x4)
                0x20000df0                __bss_end__ = .
                0x20000df0                __BSS_END = .

.heap           0x20000df0      0x400
                0x20000df0                . = ALIGN (0x8)
                0x20000df0                __end__ = .
                0x20000df0                __heap_start__ = .
                [!provide]                PROVIDE (end, .)
                [!provide]                PROVIDE (_end, .)
                [!provide]                PROVIDE (__end, .)
                0x20000df0                __HeapBase = .
                0x200011f0                . = (. + HEAP_SIZE)
 *fill*         0x20000df0      0x400 
                0x200011f0                __HeapLimit = .
                0x200011f0                __heap_limit = .
                0x200011f0                __heap_end__ = .
                0x20004000                __StackTop = (ORIGIN (m_data_2) + LENGTH (m_data_2))
                0x20003c00                __StackLimit = (__StackTop - STACK_SIZE)
                0x20004000                PROVIDE (__stack, __StackTop)
                0x20004000                __RAM_END = __StackTop

.stack          0x20003c00      0x400
                0x20003c00                . = ALIGN (0x8)
                0x20003c00                __stack_start__ = .
                0x20004000                . = (. + STACK_SIZE)
 *fill*         0x20003c00      0x400 
                0x20004000                __stack_end__ = .

.ARM.attributes
                0x00000000       0x30
 *(.ARM.attributes)
 .ARM.attributes
                0x00000000       0x22 c:/programdata/mathworks/r2022b/toolboxes/nxp_mbdtoolbox_s32k1xx/tools/gcc-6.3-arm32-eabi/bin/../lib/gcc/arm-none-eabi/6.3.1/thumb/v7e-m/fpv4-sp/hard/crti.o
 .ARM.attributes
                0x00000022       0x34 c:/programdata/mathworks/r2022b/toolboxes/nxp_mbdtoolbox_s32k1xx/tools/gcc-6.3-arm32-eabi/bin/../lib/gcc/arm-none-eabi/6.3.1/thumb/v7e-m/fpv4-sp/hard/crtbegin.o
 .ARM.attributes
                0x00000056       0x1f startup_S32K144.o
 .ARM.attributes
                0x00000075       0x39 Final_project_template.o
 .ARM.attributes
                0x000000ae       0x39 Final_project_template_data.o
 .ARM.attributes
                0x000000e7       0x39 adc_driver.o
 .ARM.attributes
                0x00000120       0x39 ahead_logic_wrapper.o
 .ARM.attributes
                0x00000159       0x39 clock_S32K1xx.o
 .ARM.attributes
                0x00000192       0x39 edma_driver.o
 .ARM.attributes
                0x000001cb       0x39 edma_hw_access.o
 .ARM.attributes
                0x00000204       0x39 edma_irq.o
 .ARM.attributes
                0x0000023d       0x39 fcan0_s32k_rx_isr.o
 .ARM.attributes
                0x00000276       0x39 flexcan_driver.o
 .ARM.attributes
                0x000002af       0x39 flexcan_hw_access.o
 .ARM.attributes
                0x000002e8       0x39 flexcan_irq.o
 .ARM.attributes
                0x00000321       0x39 ftm0_pwm_params.o
 .ARM.attributes
                0x0000035a       0x39 ftm3_pwm_params.o
 .ARM.attributes
                0x00000393       0x39 ftm_common.o
 .ARM.attributes
                0x000003cc       0x39 ftm_fault_irq.o
 .ARM.attributes
                0x00000405       0x39 ftm_hw_access.o
 .ARM.attributes
                0x0000043e       0x39 ftm_ic_driver.o
 .ARM.attributes
                0x00000477       0x39 ftm_pwm_driver.o
 .ARM.attributes
                0x000004b0       0x39 ftm_qd_driver.o
 .ARM.attributes
                0x000004e9       0x39 interrupt_manager.o
 .ARM.attributes
                0x00000522       0x39 lpit_driver.o
 .ARM.attributes
                0x0000055b       0x39 lpuart_driver.o
 .ARM.attributes
                0x00000594       0x39 lpuart_hw_access.o
 .ARM.attributes
                0x000005cd       0x39 lpuart_irq.o
 .ARM.attributes
                0x00000606       0x39 mbd_adc_irq.o
 .ARM.attributes
                0x0000063f       0x39 mbd_main.o
 .ARM.attributes
                0x00000678       0x39 model_wrapper.o
 .ARM.attributes
                0x000006b1       0x39 osif_baremetal.o
 .ARM.attributes
                0x000006ea       0x39 path_data.o
 .ARM.attributes
                0x00000723       0x39 pins_driver.o
 .ARM.attributes
                0x0000075c       0x39 pins_port_hw_access.o
 .ARM.attributes
                0x00000795       0x39 power_manager.o
 .ARM.attributes
                0x000007ce       0x39 power_manager_S32K1xx.o
 .ARM.attributes
                0x00000807       0x39 power_smc_hw_access.o
 .ARM.attributes
                0x00000840       0x39 rtmodel.o
 .ARM.attributes
                0x00000879       0x39 s32k_clock_init.o
 .ARM.attributes
                0x000008b2       0x39 startup.o
 .ARM.attributes
                0x000008eb       0x39 system_S32K144.o
 .ARM.attributes
                0x00000924       0x34 C:/ProgramData/MathWorks/R2022b/Toolboxes/NXP_MBDToolbox_S32K1xx/tools/gcc-6.3-arm32-eabi/arm-none-eabi/newlib/lib/thumb/v7e-m/fpv4-sp/hard\libm.a(lib_a-s_cos.o)
 .ARM.attributes
                0x00000958       0x34 C:/ProgramData/MathWorks/R2022b/Toolboxes/NXP_MBDToolbox_S32K1xx/tools/gcc-6.3-arm32-eabi/arm-none-eabi/newlib/lib/thumb/v7e-m/fpv4-sp/hard\libm.a(lib_a-sf_cos.o)
 .ARM.attributes
                0x0000098c       0x34 C:/ProgramData/MathWorks/R2022b/Toolboxes/NXP_MBDToolbox_S32K1xx/tools/gcc-6.3-arm32-eabi/arm-none-eabi/newlib/lib/thumb/v7e-m/fpv4-sp/hard\libm.a(lib_a-sf_sin.o)
 .ARM.attributes
                0x000009c0       0x34 C:/ProgramData/MathWorks/R2022b/Toolboxes/NXP_MBDToolbox_S32K1xx/tools/gcc-6.3-arm32-eabi/arm-none-eabi/newlib/lib/thumb/v7e-m/fpv4-sp/hard\libm.a(lib_a-s_sin.o)
 .ARM.attributes
                0x000009f4       0x34 C:/ProgramData/MathWorks/R2022b/Toolboxes/NXP_MBDToolbox_S32K1xx/tools/gcc-6.3-arm32-eabi/arm-none-eabi/newlib/lib/thumb/v7e-m/fpv4-sp/hard\libm.a(lib_a-w_fmod.o)
 .ARM.attributes
                0x00000a28       0x34 C:/ProgramData/MathWorks/R2022b/Toolboxes/NXP_MBDToolbox_S32K1xx/tools/gcc-6.3-arm32-eabi/arm-none-eabi/newlib/lib/thumb/v7e-m/fpv4-sp/hard\libm.a(lib_a-w_sqrt.o)
 .ARM.attributes
                0x00000a5c       0x34 C:/ProgramData/MathWorks/R2022b/Toolboxes/NXP_MBDToolbox_S32K1xx/tools/gcc-6.3-arm32-eabi/arm-none-eabi/newlib/lib/thumb/v7e-m/fpv4-sp/hard\libm.a(lib_a-e_fmod.o)
 .ARM.attributes
                0x00000a90       0x34 C:/ProgramData/MathWorks/R2022b/Toolboxes/NXP_MBDToolbox_S32K1xx/tools/gcc-6.3-arm32-eabi/arm-none-eabi/newlib/lib/thumb/v7e-m/fpv4-sp/hard\libm.a(lib_a-ef_rem_pio2.o)
 .ARM.attributes
                0x00000ac4       0x34 C:/ProgramData/MathWorks/R2022b/Toolboxes/NXP_MBDToolbox_S32K1xx/tools/gcc-6.3-arm32-eabi/arm-none-eabi/newlib/lib/thumb/v7e-m/fpv4-sp/hard\libm.a(lib_a-e_rem_pio2.o)
 .ARM.attributes
                0x00000af8       0x34 C:/ProgramData/MathWorks/R2022b/Toolboxes/NXP_MBDToolbox_S32K1xx/tools/gcc-6.3-arm32-eabi/arm-none-eabi/newlib/lib/thumb/v7e-m/fpv4-sp/hard\libm.a(lib_a-e_sqrt.o)
 .ARM.attributes
                0x00000b2c       0x34 C:/ProgramData/MathWorks/R2022b/Toolboxes/NXP_MBDToolbox_S32K1xx/tools/gcc-6.3-arm32-eabi/arm-none-eabi/newlib/lib/thumb/v7e-m/fpv4-sp/hard\libm.a(lib_a-k_cos.o)
 .ARM.attributes
                0x00000b60       0x34 C:/ProgramData/MathWorks/R2022b/Toolboxes/NXP_MBDToolbox_S32K1xx/tools/gcc-6.3-arm32-eabi/arm-none-eabi/newlib/lib/thumb/v7e-m/fpv4-sp/hard\libm.a(lib_a-kf_cos.o)
 .ARM.attributes
                0x00000b94       0x34 C:/ProgramData/MathWorks/R2022b/Toolboxes/NXP_MBDToolbox_S32K1xx/tools/gcc-6.3-arm32-eabi/arm-none-eabi/newlib/lib/thumb/v7e-m/fpv4-sp/hard\libm.a(lib_a-kf_rem_pio2.o)
 .ARM.attributes
                0x00000bc8       0x34 C:/ProgramData/MathWorks/R2022b/Toolboxes/NXP_MBDToolbox_S32K1xx/tools/gcc-6.3-arm32-eabi/arm-none-eabi/newlib/lib/thumb/v7e-m/fpv4-sp/hard\libm.a(lib_a-kf_sin.o)
 .ARM.attributes
                0x00000bfc       0x34 C:/ProgramData/MathWorks/R2022b/Toolboxes/NXP_MBDToolbox_S32K1xx/tools/gcc-6.3-arm32-eabi/arm-none-eabi/newlib/lib/thumb/v7e-m/fpv4-sp/hard\libm.a(lib_a-k_rem_pio2.o)
 .ARM.attributes
                0x00000c30       0x34 C:/ProgramData/MathWorks/R2022b/Toolboxes/NXP_MBDToolbox_S32K1xx/tools/gcc-6.3-arm32-eabi/arm-none-eabi/newlib/lib/thumb/v7e-m/fpv4-sp/hard\libm.a(lib_a-k_sin.o)
 .ARM.attributes
                0x00000c64       0x34 C:/ProgramData/MathWorks/R2022b/Toolboxes/NXP_MBDToolbox_S32K1xx/tools/gcc-6.3-arm32-eabi/arm-none-eabi/newlib/lib/thumb/v7e-m/fpv4-sp/hard\libm.a(lib_a-s_fabs.o)
 .ARM.attributes
                0x00000c98       0x34 C:/ProgramData/MathWorks/R2022b/Toolboxes/NXP_MBDToolbox_S32K1xx/tools/gcc-6.3-arm32-eabi/arm-none-eabi/newlib/lib/thumb/v7e-m/fpv4-sp/hard\libm.a(lib_a-sf_fabs.o)
 .ARM.attributes
                0x00000ccc       0x34 C:/ProgramData/MathWorks/R2022b/Toolboxes/NXP_MBDToolbox_S32K1xx/tools/gcc-6.3-arm32-eabi/arm-none-eabi/newlib/lib/thumb/v7e-m/fpv4-sp/hard\libm.a(lib_a-sf_floor.o)
 .ARM.attributes
                0x00000d00       0x34 C:/ProgramData/MathWorks/R2022b/Toolboxes/NXP_MBDToolbox_S32K1xx/tools/gcc-6.3-arm32-eabi/arm-none-eabi/newlib/lib/thumb/v7e-m/fpv4-sp/hard\libm.a(lib_a-s_floor.o)
 .ARM.attributes
                0x00000d34       0x34 C:/ProgramData/MathWorks/R2022b/Toolboxes/NXP_MBDToolbox_S32K1xx/tools/gcc-6.3-arm32-eabi/arm-none-eabi/newlib/lib/thumb/v7e-m/fpv4-sp/hard\libm.a(lib_a-sf_scalbn.o)
 .ARM.attributes
                0x00000d68       0x34 C:/ProgramData/MathWorks/R2022b/Toolboxes/NXP_MBDToolbox_S32K1xx/tools/gcc-6.3-arm32-eabi/arm-none-eabi/newlib/lib/thumb/v7e-m/fpv4-sp/hard\libm.a(lib_a-s_lib_ver.o)
 .ARM.attributes
                0x00000d9c       0x34 C:/ProgramData/MathWorks/R2022b/Toolboxes/NXP_MBDToolbox_S32K1xx/tools/gcc-6.3-arm32-eabi/arm-none-eabi/newlib/lib/thumb/v7e-m/fpv4-sp/hard\libm.a(lib_a-s_matherr.o)
 .ARM.attributes
                0x00000dd0       0x34 C:/ProgramData/MathWorks/R2022b/Toolboxes/NXP_MBDToolbox_S32K1xx/tools/gcc-6.3-arm32-eabi/arm-none-eabi/newlib/lib/thumb/v7e-m/fpv4-sp/hard\libm.a(lib_a-s_scalbn.o)
 .ARM.attributes
                0x00000e04       0x34 C:/ProgramData/MathWorks/R2022b/Toolboxes/NXP_MBDToolbox_S32K1xx/tools/gcc-6.3-arm32-eabi/arm-none-eabi/newlib/lib/thumb/v7e-m/fpv4-sp/hard\libm.a(lib_a-s_copysign.o)
 .ARM.attributes
                0x00000e38       0x34 C:/ProgramData/MathWorks/R2022b/Toolboxes/NXP_MBDToolbox_S32K1xx/tools/gcc-6.3-arm32-eabi/arm-none-eabi/newlib/lib/thumb/v7e-m/fpv4-sp/hard\libm.a(lib_a-sf_copysign.o)
 .ARM.attributes
                0x00000e6c       0x22 c:/programdata/mathworks/r2022b/toolboxes/nxp_mbdtoolbox_s32k1xx/tools/gcc-6.3-arm32-eabi/bin/../lib/gcc/arm-none-eabi/6.3.1/thumb/v7e-m/fpv4-sp/hard\libgcc.a(_arm_addsubdf3.o)
 .ARM.attributes
                0x00000e8e       0x22 c:/programdata/mathworks/r2022b/toolboxes/nxp_mbdtoolbox_s32k1xx/tools/gcc-6.3-arm32-eabi/bin/../lib/gcc/arm-none-eabi/6.3.1/thumb/v7e-m/fpv4-sp/hard\libgcc.a(_arm_muldivdf3.o)
 .ARM.attributes
                0x00000eb0       0x22 c:/programdata/mathworks/r2022b/toolboxes/nxp_mbdtoolbox_s32k1xx/tools/gcc-6.3-arm32-eabi/bin/../lib/gcc/arm-none-eabi/6.3.1/thumb/v7e-m/fpv4-sp/hard\libgcc.a(_arm_cmpdf2.o)
 .ARM.attributes
                0x00000ed2       0x22 c:/programdata/mathworks/r2022b/toolboxes/nxp_mbdtoolbox_s32k1xx/tools/gcc-6.3-arm32-eabi/bin/../lib/gcc/arm-none-eabi/6.3.1/thumb/v7e-m/fpv4-sp/hard\libgcc.a(_arm_unorddf2.o)
 .ARM.attributes
                0x00000ef4       0x22 c:/programdata/mathworks/r2022b/toolboxes/nxp_mbdtoolbox_s32k1xx/tools/gcc-6.3-arm32-eabi/bin/../lib/gcc/arm-none-eabi/6.3.1/thumb/v7e-m/fpv4-sp/hard\libgcc.a(_arm_fixdfsi.o)
 .ARM.attributes
                0x00000f16       0x22 c:/programdata/mathworks/r2022b/toolboxes/nxp_mbdtoolbox_s32k1xx/tools/gcc-6.3-arm32-eabi/bin/../lib/gcc/arm-none-eabi/6.3.1/thumb/v7e-m/fpv4-sp/hard\libgcc.a(_arm_truncdfsf2.o)
 .ARM.attributes
                0x00000f38       0x22 c:/programdata/mathworks/r2022b/toolboxes/nxp_mbdtoolbox_s32k1xx/tools/gcc-6.3-arm32-eabi/bin/../lib/gcc/arm-none-eabi/6.3.1/thumb/v7e-m/fpv4-sp/hard\libgcc.a(_aeabi_uldivmod.o)
 .ARM.attributes
                0x00000f5a       0x34 c:/programdata/mathworks/r2022b/toolboxes/nxp_mbdtoolbox_s32k1xx/tools/gcc-6.3-arm32-eabi/bin/../lib/gcc/arm-none-eabi/6.3.1/thumb/v7e-m/fpv4-sp/hard\libgcc.a(_udivmoddi4.o)
 .ARM.attributes
                0x00000f8e       0x22 c:/programdata/mathworks/r2022b/toolboxes/nxp_mbdtoolbox_s32k1xx/tools/gcc-6.3-arm32-eabi/bin/../lib/gcc/arm-none-eabi/6.3.1/thumb/v7e-m/fpv4-sp/hard\libgcc.a(_dvmd_tls.o)
 .ARM.attributes
                0x00000fb0       0x34 C:/ProgramData/MathWorks/R2022b/Toolboxes/NXP_MBDToolbox_S32K1xx/tools/gcc-6.3-arm32-eabi/arm-none-eabi/newlib/lib/thumb/v7e-m/fpv4-sp/hard\libc.a(lib_a-errno.o)
 .ARM.attributes
                0x00000fe4       0x34 C:/ProgramData/MathWorks/R2022b/Toolboxes/NXP_MBDToolbox_S32K1xx/tools/gcc-6.3-arm32-eabi/arm-none-eabi/newlib/lib/thumb/v7e-m/fpv4-sp/hard\libc.a(lib_a-impure.o)
 .ARM.attributes
                0x00001018       0x34 C:/ProgramData/MathWorks/R2022b/Toolboxes/NXP_MBDToolbox_S32K1xx/tools/gcc-6.3-arm32-eabi/arm-none-eabi/newlib/lib/thumb/v7e-m/fpv4-sp/hard\libc.a(lib_a-memcpy-stub.o)
 .ARM.attributes
                0x0000104c       0x34 C:/ProgramData/MathWorks/R2022b/Toolboxes/NXP_MBDToolbox_S32K1xx/tools/gcc-6.3-arm32-eabi/arm-none-eabi/newlib/lib/thumb/v7e-m/fpv4-sp/hard\libc.a(lib_a-memset.o)
 .ARM.attributes
                0x00001080       0x34 C:/ProgramData/MathWorks/R2022b/Toolboxes/NXP_MBDToolbox_S32K1xx/tools/gcc-6.3-arm32-eabi/arm-none-eabi/newlib/lib/thumb/v7e-m/fpv4-sp/hard\libc.a(lib_a-__call_atexit.o)
 .ARM.attributes
                0x000010b4       0x34 C:/ProgramData/MathWorks/R2022b/Toolboxes/NXP_MBDToolbox_S32K1xx/tools/gcc-6.3-arm32-eabi/arm-none-eabi/newlib/lib/thumb/v7e-m/fpv4-sp/hard\libc.a(lib_a-fini.o)
 .ARM.attributes
                0x000010e8       0x34 C:/ProgramData/MathWorks/R2022b/Toolboxes/NXP_MBDToolbox_S32K1xx/tools/gcc-6.3-arm32-eabi/arm-none-eabi/newlib/lib/thumb/v7e-m/fpv4-sp/hard\libc.a(lib_a-atexit.o)
 .ARM.attributes
                0x0000111c       0x34 C:/ProgramData/MathWorks/R2022b/Toolboxes/NXP_MBDToolbox_S32K1xx/tools/gcc-6.3-arm32-eabi/arm-none-eabi/newlib/lib/thumb/v7e-m/fpv4-sp/hard\libc.a(lib_a-__atexit.o)
 .ARM.attributes
                0x00001150       0x34 c:/programdata/mathworks/r2022b/toolboxes/nxp_mbdtoolbox_s32k1xx/tools/gcc-6.3-arm32-eabi/bin/../lib/gcc/arm-none-eabi/6.3.1/thumb/v7e-m/fpv4-sp/hard/crtend.o
 .ARM.attributes
                0x00001184       0x22 c:/programdata/mathworks/r2022b/toolboxes/nxp_mbdtoolbox_s32k1xx/tools/gcc-6.3-arm32-eabi/bin/../lib/gcc/arm-none-eabi/6.3.1/thumb/v7e-m/fpv4-sp/hard/crtn.o
                0x00000001                ASSERT ((__StackLimit >= __HeapLimit), region m_data_2 overflowed with stack and heap)
OUTPUT(Final_project_template.elf elf32-littlearm)

.comment        0x00000000       0xa0
 .comment       0x00000000       0xa0 c:/programdata/mathworks/r2022b/toolboxes/nxp_mbdtoolbox_s32k1xx/tools/gcc-6.3-arm32-eabi/bin/../lib/gcc/arm-none-eabi/6.3.1/thumb/v7e-m/fpv4-sp/hard/crtbegin.o
                                 0xa1 (size before relaxing)
 .comment       0x000000a0       0xa1 Final_project_template.o
 .comment       0x000000a0       0xa1 Final_project_template_data.o
 .comment       0x000000a0       0xa1 adc_driver.o
 .comment       0x000000a0       0xa1 ahead_logic_wrapper.o
 .comment       0x000000a0       0xa1 clock_S32K1xx.o
 .comment       0x000000a0       0xa1 edma_driver.o
 .comment       0x000000a0       0xa1 edma_hw_access.o
 .comment       0x000000a0       0xa1 edma_irq.o
 .comment       0x000000a0       0xa1 fcan0_s32k_rx_isr.o
 .comment       0x000000a0       0xa1 flexcan_driver.o
 .comment       0x000000a0       0xa1 flexcan_hw_access.o
 .comment       0x000000a0       0xa1 flexcan_irq.o
 .comment       0x000000a0       0xa1 ftm0_pwm_params.o
 .comment       0x000000a0       0xa1 ftm3_pwm_params.o
 .comment       0x000000a0       0xa1 ftm_common.o
 .comment       0x000000a0       0xa1 ftm_fault_irq.o
 .comment       0x000000a0       0xa1 ftm_hw_access.o
 .comment       0x000000a0       0xa1 ftm_ic_driver.o
 .comment       0x000000a0       0xa1 ftm_pwm_driver.o
 .comment       0x000000a0       0xa1 ftm_qd_driver.o
 .comment       0x000000a0       0xa1 interrupt_manager.o
 .comment       0x000000a0       0xa1 lpit_driver.o
 .comment       0x000000a0       0xa1 lpuart_driver.o
 .comment       0x000000a0       0xa1 lpuart_hw_access.o
 .comment       0x000000a0       0xa1 lpuart_irq.o
 .comment       0x000000a0       0xa1 mbd_adc_irq.o
 .comment       0x000000a0       0xa1 mbd_main.o
 .comment       0x000000a0       0xa1 model_wrapper.o
 .comment       0x000000a0       0xa1 osif_baremetal.o
 .comment       0x000000a0       0xa1 path_data.o
 .comment       0x000000a0       0xa1 pins_driver.o
 .comment       0x000000a0       0xa1 pins_port_hw_access.o
 .comment       0x000000a0       0xa1 power_manager.o
 .comment       0x000000a0       0xa1 power_manager_S32K1xx.o
 .comment       0x000000a0       0xa1 power_smc_hw_access.o
 .comment       0x000000a0       0xa1 rtmodel.o
 .comment       0x000000a0       0xa1 s32k_clock_init.o
 .comment       0x000000a0       0xa1 startup.o
 .comment       0x000000a0       0xa1 system_S32K144.o
 .comment       0x000000a0       0xa1 c:/programdata/mathworks/r2022b/toolboxes/nxp_mbdtoolbox_s32k1xx/tools/gcc-6.3-arm32-eabi/bin/../lib/gcc/arm-none-eabi/6.3.1/thumb/v7e-m/fpv4-sp/hard/crtend.o

.debug_line     0x00000000     0x9568
 .debug_line    0x00000000       0x6e startup_S32K144.o
 .debug_line    0x0000006e      0xbde Final_project_template.o
 .debug_line    0x00000c4c      0x435 Final_project_template_data.o
 .debug_line    0x00001081      0x57d adc_driver.o
 .debug_line    0x000015fe      0x202 ahead_logic_wrapper.o
 .debug_line    0x00001800      0xeae clock_S32K1xx.o
 .debug_line    0x000026ae      0x621 edma_driver.o
 .debug_line    0x00002ccf      0x248 edma_hw_access.o
 .debug_line    0x00002f17      0x1b1 edma_irq.o
 .debug_line    0x000030c8      0x48c fcan0_s32k_rx_isr.o
 .debug_line    0x00003554      0xa72 flexcan_driver.o
 .debug_line    0x00003fc6      0x5aa flexcan_hw_access.o
 .debug_line    0x00004570       0x5b flexcan_irq.o
 .debug_line    0x000045cb      0x1a4 ftm0_pwm_params.o
 .debug_line    0x0000476f      0x1a4 ftm3_pwm_params.o
 .debug_line    0x00004913      0x54c ftm_common.o
 .debug_line    0x00004e5f      0x252 ftm_fault_irq.o
 .debug_line    0x000050b1      0x222 ftm_hw_access.o
 .debug_line    0x000052d3      0x4df ftm_ic_driver.o
 .debug_line    0x000057b2      0x663 ftm_pwm_driver.o
 .debug_line    0x00005e15      0x2b0 ftm_qd_driver.o
 .debug_line    0x000060c5      0x224 interrupt_manager.o
 .debug_line    0x000062e9      0x42b lpit_driver.o
 .debug_line    0x00006714      0x6ee lpuart_driver.o
 .debug_line    0x00006e02      0x27a lpuart_hw_access.o
 .debug_line    0x0000707c       0x6e lpuart_irq.o
 .debug_line    0x000070ea      0x2b3 mbd_adc_irq.o
 .debug_line    0x0000739d      0x44c mbd_main.o
 .debug_line    0x000077e9      0x1f6 model_wrapper.o
 .debug_line    0x000079df      0x270 osif_baremetal.o
 .debug_line    0x00007c4f       0x41 path_data.o
 .debug_line    0x00007c90      0x2fe pins_driver.o
 .debug_line    0x00007f8e      0x24b pins_port_hw_access.o
 .debug_line    0x000081d9      0x249 power_manager.o
 .debug_line    0x00008422      0x4eb power_manager_S32K1xx.o
 .debug_line    0x0000890d      0x29f power_smc_hw_access.o
 .debug_line    0x00008bac      0x421 rtmodel.o
 .debug_line    0x00008fcd      0x26a s32k_clock_init.o
 .debug_line    0x00009237      0x18b startup.o
 .debug_line    0x000093c2      0x1a6 system_S32K144.o

.debug_info     0x00000000    0x39caa
 .debug_info    0x00000000       0x26 startup_S32K144.o
 .debug_info    0x00000026     0x5217 Final_project_template.o
 .debug_info    0x0000523d     0x25f5 Final_project_template_data.o
 .debug_info    0x00007832     0x2e60 adc_driver.o
 .debug_info    0x0000a692      0x95a ahead_logic_wrapper.o
 .debug_info    0x0000afec     0x530a clock_S32K1xx.o
 .debug_info    0x000102f6     0x320c edma_driver.o
 .debug_info    0x00013502      0x94e edma_hw_access.o
 .debug_info    0x00013e50      0x554 edma_irq.o
 .debug_info    0x000143a4     0x2728 fcan0_s32k_rx_isr.o
 .debug_info    0x00016acc     0x410c flexcan_driver.o
 .debug_info    0x0001abd8     0x1c1d flexcan_hw_access.o
 .debug_info    0x0001c7f5      0x150 flexcan_irq.o
 .debug_info    0x0001c945      0xcd2 ftm0_pwm_params.o
 .debug_info    0x0001d617      0xcd2 ftm3_pwm_params.o
 .debug_info    0x0001e2e9     0x29dc ftm_common.o
 .debug_info    0x00020cc5      0x9dd ftm_fault_irq.o
 .debug_info    0x000216a2      0x97a ftm_hw_access.o
 .debug_info    0x0002201c     0x1d4c ftm_ic_driver.o
 .debug_info    0x00023d68     0x2a4b ftm_pwm_driver.o
 .debug_info    0x000267b3     0x104c ftm_qd_driver.o
 .debug_info    0x000277ff      0x997 interrupt_manager.o
 .debug_info    0x00028196     0x1b2d lpit_driver.o
 .debug_info    0x00029cc3     0x2372 lpuart_driver.o
 .debug_info    0x0002c035      0x8eb lpuart_hw_access.o
 .debug_info    0x0002c920       0xe0 lpuart_irq.o
 .debug_info    0x0002ca00      0xb8e mbd_adc_irq.o
 .debug_info    0x0002d58e     0x287e mbd_main.o
 .debug_info    0x0002fe0c      0x9a4 model_wrapper.o
 .debug_info    0x000307b0      0xa36 osif_baremetal.o
 .debug_info    0x000311e6      0x14f path_data.o
 .debug_info    0x00031335     0x1360 pins_driver.o
 .debug_info    0x00032695      0x89d pins_port_hw_access.o
 .debug_info    0x00032f32      0x7dc power_manager.o
 .debug_info    0x0003370e     0x1718 power_manager_S32K1xx.o
 .debug_info    0x00034e26      0xc0c power_smc_hw_access.o
 .debug_info    0x00035a32     0x2447 rtmodel.o
 .debug_info    0x00037e79     0x1663 s32k_clock_init.o
 .debug_info    0x000394dc      0x2ad startup.o
 .debug_info    0x00039789      0x521 system_S32K144.o

.debug_abbrev   0x00000000     0x5670
 .debug_abbrev  0x00000000       0x14 startup_S32K144.o
 .debug_abbrev  0x00000014      0x3be Final_project_template.o
 .debug_abbrev  0x000003d2      0x1f1 Final_project_template_data.o
 .debug_abbrev  0x000005c3      0x37e adc_driver.o
 .debug_abbrev  0x00000941      0x1c5 ahead_logic_wrapper.o
 .debug_abbrev  0x00000b06      0x37b clock_S32K1xx.o
 .debug_abbrev  0x00000e81      0x3aa edma_driver.o
 .debug_abbrev  0x0000122b      0x1e2 edma_hw_access.o
 .debug_abbrev  0x0000140d      0x17b edma_irq.o
 .debug_abbrev  0x00001588      0x233 fcan0_s32k_rx_isr.o
 .debug_abbrev  0x000017bb      0x3db flexcan_driver.o
 .debug_abbrev  0x00001b96      0x34f flexcan_hw_access.o
 .debug_abbrev  0x00001ee5       0x3f flexcan_irq.o
 .debug_abbrev  0x00001f24      0x126 ftm0_pwm_params.o
 .debug_abbrev  0x0000204a      0x126 ftm3_pwm_params.o
 .debug_abbrev  0x00002170      0x333 ftm_common.o
 .debug_abbrev  0x000024a3      0x1b5 ftm_fault_irq.o
 .debug_abbrev  0x00002658      0x1b5 ftm_hw_access.o
 .debug_abbrev  0x0000280d      0x321 ftm_ic_driver.o
 .debug_abbrev  0x00002b2e      0x2d4 ftm_pwm_driver.o
 .debug_abbrev  0x00002e02      0x253 ftm_qd_driver.o
 .debug_abbrev  0x00003055      0x1e5 interrupt_manager.o
 .debug_abbrev  0x0000323a      0x360 lpit_driver.o
 .debug_abbrev  0x0000359a      0x35f lpuart_driver.o
 .debug_abbrev  0x000038f9      0x19d lpuart_hw_access.o
 .debug_abbrev  0x00003a96       0x8c lpuart_irq.o
 .debug_abbrev  0x00003b22      0x1e2 mbd_adc_irq.o
 .debug_abbrev  0x00003d04      0x2be mbd_main.o
 .debug_abbrev  0x00003fc2      0x1a0 model_wrapper.o
 .debug_abbrev  0x00004162      0x26a osif_baremetal.o
 .debug_abbrev  0x000043cc       0xac path_data.o
 .debug_abbrev  0x00004478      0x2a7 pins_driver.o
 .debug_abbrev  0x0000471f      0x1e1 pins_port_hw_access.o
 .debug_abbrev  0x00004900      0x1e6 power_manager.o
 .debug_abbrev  0x00004ae6      0x363 power_manager_S32K1xx.o
 .debug_abbrev  0x00004e49      0x240 power_smc_hw_access.o
 .debug_abbrev  0x00005089      0x20c rtmodel.o
 .debug_abbrev  0x00005295      0x1c4 s32k_clock_init.o
 .debug_abbrev  0x00005459       0xdd startup.o
 .debug_abbrev  0x00005536      0x13a system_S32K144.o

.debug_aranges  0x00000000      0x4e0
 .debug_aranges
                0x00000000       0x20 startup_S32K144.o
 .debug_aranges
                0x00000020       0x20 Final_project_template.o
 .debug_aranges
                0x00000040       0x18 Final_project_template_data.o
 .debug_aranges
                0x00000058       0x20 adc_driver.o
 .debug_aranges
                0x00000078       0x20 ahead_logic_wrapper.o
 .debug_aranges
                0x00000098       0x20 clock_S32K1xx.o
 .debug_aranges
                0x000000b8       0x20 edma_driver.o
 .debug_aranges
                0x000000d8       0x20 edma_hw_access.o
 .debug_aranges
                0x000000f8       0x20 edma_irq.o
 .debug_aranges
                0x00000118       0x20 fcan0_s32k_rx_isr.o
 .debug_aranges
                0x00000138       0x20 flexcan_driver.o
 .debug_aranges
                0x00000158       0x20 flexcan_hw_access.o
 .debug_aranges
                0x00000178       0x20 flexcan_irq.o
 .debug_aranges
                0x00000198       0x18 ftm0_pwm_params.o
 .debug_aranges
                0x000001b0       0x18 ftm3_pwm_params.o
 .debug_aranges
                0x000001c8       0x20 ftm_common.o
 .debug_aranges
                0x000001e8       0x20 ftm_fault_irq.o
 .debug_aranges